TRACE Configure entry [C:\WINDOWS\system32\cmd.exe /d /s /c C:\Users\wurre\Desktop\PAS-zero-miss-r4-20261006\out\windows-handoff\configure-prelive-debug-04-inputs\configure.cmd]
TRACE vcvars END exit=0
-- The CXX compiler identification is MSVC 19.51.36256.0
-- Detecting CXX compiler ABI info
-- Detecting CXX compiler ABI info - done
-- Check for working CXX compiler: C:/Users/wurre/Desktop/PAS-zero-miss-r4-20261006/out/windows-handoff/msvc-isolated-probe-01/bin/cl.exe - skipped
-- Detecting CXX compile features
-- Detecting CXX compile features - done
-- Found nlohmann_json: C:/Users/wurre/Desktop/Phigros-Auto-play-System/out/vcpkg_installed/x64-windows/share/nlohmann_json/nlohmann_jsonConfig.cmake (found version "3.12.0")
-- Found ZLIB: optimized;C:/Users/wurre/Desktop/Phigros-Auto-play-System/out/vcpkg_installed/x64-windows/lib/z.lib;debug;C:/Users/wurre/Desktop/Phigros-Auto-play-System/out/vcpkg_installed/x64-windows/debug/lib/zd.lib (found version "1.3.2")
-- Performing Test CMAKE_HAVE_LIBC_PTHREAD
-- Performing Test CMAKE_HAVE_LIBC_PTHREAD - Failed
-- Looking for pthread_create in pthreads
-- Looking for pthread_create in pthreads - not found
-- Looking for pthread_create in pthread
-- Looking for pthread_create in pthread - not found
-- Found Threads: TRUE
-- Found Protobuf: C:/Users/wurre/Desktop/Phigros-Auto-play-System/out/vcpkg_installed/x64-windows/tools/protobuf/protoc.exe (found version "33.4.0")
-- Found OpenSSL: optimized;C:/Users/wurre/Desktop/Phigros-Auto-play-System/out/vcpkg_installed/x64-windows/lib/libcrypto.lib;debug;C:/Users/wurre/Desktop/Phigros-Auto-play-System/out/vcpkg_installed/x64-windows/debug/lib/libcrypto.lib (found version "3.6.4")
-- Found c-ares: C:/Users/wurre/Desktop/Phigros-Auto-play-System/out/vcpkg_installed/x64-windows/share/c-ares/c-ares-config.cmake (found version "1.34.8")
-- Found RE2 via CMake.
-- Configuring done (3.6s)
-- Generating done (0.2s)
-- Build files have been written to: C:/Users/wurre/Desktop/PAS-zero-miss-r4-20261006/out/prelive-current-debug-04
TRACE Configure END exit=0
