TRACE native START
Running main() from C:\Users\wurre\Desktop\Phigros-Auto-play-System\out\vcpkg_installed\vcpkg\blds\gtest\src\v1.18.0-e6987f02b9.clean\googletest\src\gtest_main.cc
[==========] Running 186 tests from 8 test suites.
[----------] Global test environment set-up.
[----------] 56 tests from GameObserver
[ RUN      ] GameObserver.MultiplePixelsTracksAndRelativeMovingLinePrediction
[       OK ] GameObserver.MultiplePixelsTracksAndRelativeMovingLinePrediction (203 ms)
[ RUN      ] GameObserver.CrossingCurrentVerticalRidgeSurvivesConnectedHorizontalLine
[       OK ] GameObserver.CrossingCurrentVerticalRidgeSurvivesConnectedHorizontalLine (392 ms)
[ RUN      ] GameObserver.CurrentVerticalSearchRejectsHoldSideRailsAndBroadWhiteFill
[       OK ] GameObserver.CurrentVerticalSearchRejectsHoldSideRailsAndBroadWhiteFill (366 ms)
[ RUN      ] GameObserver.RotatedSplitFlickJoinsOnlyWithItsCurrentTransverseArrow
[       OK ] GameObserver.RotatedSplitFlickJoinsOnlyWithItsCurrentTransverseArrow (284 ms)
[ RUN      ] GameObserver.CrossingVerticalWhiteRidgeSurvivesCurrentWarmHitTintButCannotBeBornFromTint
[       OK ] GameObserver.CrossingVerticalWhiteRidgeSurvivesCurrentWarmHitTintButCannotBeBornFromTint (298 ms)
[ RUN      ] GameObserver.RowPrescreenPreservesCompleteDecisionsOnSyntheticMotion
[       OK ] GameObserver.RowPrescreenPreservesCompleteDecisionsOnSyntheticMotion (740 ms)
[ RUN      ] GameObserver.RowPrescreenPreservesRecordedClipDecisionsWhenProvided
joined_line_diff round=1 clip=4 frame=1466 baseline=1 split=3 (543,359.5;0,1;719) (955,394;0,1;650) (640,576;1,0;1280)
joined_line_diff round=1 clip=4 frame=1467 baseline=2 split=4 (536.5,359.5;0,1;719) (956.5,406.5;0,1;625) (640,576;1,0;1280) (352,165.668;6.12323e-17,1;332.941)
joined_line_diff round=1 clip=4 frame=1468 baseline=2 split=4 (533,359.5;0,1;719) (958,413;0,1;612) (640,576.022;1,4.39244e-05;1280) (369,169;6.12323e-17,1;339.592)
joined_line_diff round=2 clip=9 frame=19284 baseline=1 split=2 (640.5,363.5;0,1;711) (640,575.521;0.999999,0.00116466;1280)
joined_line_diff round=2 clip=9 frame=19285 baseline=1 split=2 (641.5,363.5;0,1;711) (640,575.502;0.999989,0.00465035;1280.01)
joined_line_diff round=2 clip=9 frame=19286 baseline=1 split=2 (644.5,363.5;0,1;711) (640,575.297;0.999947,0.0102676;1280.07)
row_prescreen full n=60 p5=34.0305 p50=48.6511 p95=65.2252 p99=67.653 max=71.7714 jitter_p95_minus_p5=31.1947 ms
row_prescreen prescreen n=60 p5=13.3076 p50=25.7371 p95=41.1498 p99=44.052 max=52.0251 jitter_p95_minus_p5=27.8422 ms
row_prescreen joined n=60 p5=36.0052 p50=52.7928 p95=133.369 p99=157.684 max=176.931 jitter_p95_minus_p5=97.3638 ms
joined_line_differences n=6 focus=0 of 60 frames
[       OK ] GameObserver.RowPrescreenPreservesRecordedClipDecisionsWhenProvided (10320 ms)
[ RUN      ] GameObserver.SplitsPixelConnectedCrossingRidgesWithoutInventingHoldRails
[       OK ] GameObserver.SplitsPixelConnectedCrossingRidgesWithoutInventingHoldRails (490 ms)
[ RUN      ] GameObserver.NotesAloneDuplicateFramesAndGeometryCannotArm
[       OK ] GameObserver.NotesAloneDuplicateFramesAndGeometryCannotArm (367 ms)
[ RUN      ] GameObserver.ChangingIndicatorColorKeepsTiltedLinePredictionAndNoteIdentity
[       OK ] GameObserver.ChangingIndicatorColorKeepsTiltedLinePredictionAndNoteIdentity (242 ms)
[ RUN      ] GameObserver.UiLossCancelsAndCapacityIsBounded
[       OK ] GameObserver.UiLossCancelsAndCapacityIsBounded (370 ms)
[ RUN      ] GameObserver.FreshHudAfterShortGapKeepsUiButClearsAllMotionAcrossEpoch
[       OK ] GameObserver.FreshHudAfterShortGapKeepsUiButClearsAllMotionAcrossEpoch (326 ms)
[ RUN      ] GameObserver.HudContinuityNeverBridgesMissingPixelsLongGapOrGeometry
[       OK ] GameObserver.HudContinuityNeverBridgesMissingPixelsLongGapOrGeometry (768 ms)
[ RUN      ] GameObserver.OnePixelLineJoinedToHoldBorderStaysObservable
[       OK ] GameObserver.OnePixelLineJoinedToHoldBorderStaysObservable (74 ms)
[ RUN      ] GameObserver.NestedRibbonsMergeButEqualWidthOverlapsRemainDistinct
[       OK ] GameObserver.NestedRibbonsMergeButEqualWidthOverlapsRemainDistinct (45 ms)
[ RUN      ] GameObserver.YellowOutlineDoesNotDuplicateBlueCoreAndHoldHasLeadingEdgeAndTail
[       OK ] GameObserver.YellowOutlineDoesNotDuplicateBlueCoreAndHoldHasLeadingEdgeAndTail (53 ms)
[ RUN      ] GameObserver.DesaturatedHoldRequiresFreshParallelRailsAndDoesNotInventClippedTail
[       OK ] GameObserver.DesaturatedHoldRequiresFreshParallelRailsAndDoesNotInventClippedTail (502 ms)
[ RUN      ] GameObserver.CurrentHoldRailsOverrideFragmentedCoreWithoutRemovingIndependentNotes
[       OK ] GameObserver.CurrentHoldRailsOverrideFragmentedCoreWithoutRemovingIndependentNotes (1070 ms)
[ RUN      ] GameObserver.HoldRailAnchorSurvivesOneMissingRailButRequiresCurrentPairToRecover
[       OK ] GameObserver.HoldRailAnchorSurvivesOneMissingRailButRequiresCurrentPairToRecover (414 ms)
[ RUN      ] GameObserver.HeldTiltedBodyPreservesAnIndependentThinTapInsideItsRails
[       OK ] GameObserver.HeldTiltedBodyPreservesAnIndependentThinTapInsideItsRails (564 ms)
[ RUN      ] GameObserver.RecentHeldRegionRejectsEnclosedSideFragmentsWithoutRefreshingMissingRails
[       OK ] GameObserver.RecentHeldRegionRejectsEnclosedSideFragmentsWithoutRefreshingMissingRails (239 ms)
[ RUN      ] GameObserver.ApproachingHoldKeepsWholeGeometryWhenDecorativeLineSplitsItsCore
[       OK ] GameObserver.ApproachingHoldKeepsWholeGeometryWhenDecorativeLineSplitsItsCore (411 ms)
[ RUN      ] GameObserver.ApproachingConnectedHoldWithInteriorHitTintKeepsOneIdentity
[       OK ] GameObserver.ApproachingConnectedHoldWithInteriorHitTintKeepsOneIdentity (3542 ms)
[ RUN      ] GameObserver.ApproachingHoldWithEnclosedHitPatchKeepsOneIdentityAcrossSparseFrames
[       OK ] GameObserver.ApproachingHoldWithEnclosedHitPatchKeepsOneIdentityAcrossSparseFrames (906 ms)
[ RUN      ] GameObserver.InteriorHoldDescriptionDedupPreservesThinTapAndAdjacentHold
[       OK ] GameObserver.InteriorHoldDescriptionDedupPreservesThinTapAndAdjacentHold (1315 ms)
[ RUN      ] GameObserver.InteriorHoldDescriptionNeedsBothCurrentSideBandsAndRecentFront
[       OK ] GameObserver.InteriorHoldDescriptionNeedsBothCurrentSideBandsAndRecentFront (3173 ms)
[ RUN      ] GameObserver.ClippedTopHoldKeepsCurrentRailsAndContactAcrossTheHeightLimit
[       OK ] GameObserver.ClippedTopHoldKeepsCurrentRailsAndContactAcrossTheHeightLimit (1653 ms)
[ RUN      ] GameObserver.ClippedTopHoldCanValidateCurrentLeadingEdgeWithoutPriorAnchor
[       OK ] GameObserver.ClippedTopHoldCanValidateCurrentLeadingEdgeWithoutPriorAnchor (484 ms)
[ RUN      ] GameObserver.RecentHeldRailsRemainVisibleThroughWarmHitTint
[       OK ] GameObserver.RecentHeldRailsRemainVisibleThroughWarmHitTint (1948 ms)
[ RUN      ] GameObserver.ColorIndependentHeldOutlineRequiresFreshAnchorAndBothCurrentRails
[       OK ] GameObserver.ColorIndependentHeldOutlineRequiresFreshAnchorAndBothCurrentRails (5403 ms)
[ RUN      ] GameObserver.WarmTintUsesCurrentNeutralRailPairWhenCoreWidthWasBiased
[       OK ] GameObserver.WarmTintUsesCurrentNeutralRailPairWhenCoreWidthWasBiased (4365 ms)
[ RUN      ] GameObserver.WarmSectionCannotUseEmptyOrMismatchedWhitePair
[       OK ] GameObserver.WarmSectionCannotUseEmptyOrMismatchedWhitePair (4760 ms)
[ RUN      ] GameObserver.ClippedBlueColumnWithoutBothRailsCannotBecomeANewHold
[       OK ] GameObserver.ClippedBlueColumnWithoutBothRailsCannotBecomeANewHold (281 ms)
[ RUN      ] GameObserver.CurrentRailsReconstructSplitGradientBodyWithoutAnEarlierWholeCore
[       OK ] GameObserver.CurrentRailsReconstructSplitGradientBodyWithoutAnEarlierWholeCore (679 ms)
[ RUN      ] GameObserver.ShortWideCurrentRailsNeedDepthAndCannotJoinAdjacentBodiesOrEmptyBorders
[       OK ] GameObserver.ShortWideCurrentRailsNeedDepthAndCannotJoinAdjacentBodiesOrEmptyBorders (147 ms)
[ RUN      ] GameObserver.CurrentHoldReconstructionRejectsLongRailGapDespiteBodyFill
[       OK ] GameObserver.CurrentHoldReconstructionRejectsLongRailGapDespiteBodyFill (66 ms)
[ RUN      ] GameObserver.HoldRailsCannotExpandToDecorationWithFillMissingOnOneSide
[       OK ] GameObserver.HoldRailsCannotExpandToDecorationWithFillMissingOnOneSide (98 ms)
[ RUN      ] GameObserver.ShrinkingHoldKeepsHeadIdentityButThinNewTapCannotInheritIt
[       OK ] GameObserver.ShrinkingHoldKeepsHeadIdentityButThinNewTapCannotInheritIt (563 ms)
[ RUN      ] GameObserver.SmallHitParticlesAndYellowRingsCannotBecomeNoteTargets
[       OK ] GameObserver.SmallHitParticlesAndYellowRingsCannotBecomeNoteTargets (55 ms)
[ RUN      ] GameObserver.ShortWideHoldUsesLineNormalAndStationaryHeadStillHasHitRegion
[       OK ] GameObserver.ShortWideHoldUsesLineNormalAndStationaryHeadStillHasHitRegion (283 ms)
[ RUN      ] GameObserver.SplitFlickRequiresCentralArrowAndHighlightCannotBecomeDrag
[       OK ] GameObserver.SplitFlickRequiresCentralArrowAndHighlightCannotBecomeDrag (54 ms)
[ RUN      ] GameObserver.TallSimultaneousHighlightKeepsOnlyTheCoreAndIndependentDrag
[       OK ] GameObserver.TallSimultaneousHighlightKeepsOnlyTheCoreAndIndependentDrag (349 ms)
[ RUN      ] GameObserver.ShortCaptureBurstCannotPredictAnImminentCrossingFromFarNotes
[       OK ] GameObserver.ShortCaptureBurstCannotPredictAnImminentCrossingFromFarNotes (557 ms)
[ RUN      ] GameObserver.ContinuousFastFramesKeepEnoughTemporalHistoryToPredict
[       OK ] GameObserver.ContinuousFastFramesKeepEnoughTemporalHistoryToPredict (1494 ms)
[ RUN      ] GameObserver.TimingUncertaintySeparatesFastCaptureJitterFromSlowAmbiguousMotion
[       OK ] GameObserver.TimingUncertaintySeparatesFastCaptureJitterFromSlowAmbiguousMotion (666 ms)
[ RUN      ] GameObserver.CurrentPointMismatchAndLargeGeometryJumpsRemainRejectedAtHighSpeed
[       OK ] GameObserver.CurrentPointMismatchAndLargeGeometryJumpsRemainRejectedAtHighSpeed (350 ms)
[ RUN      ] GameObserver.FitResidualDoesNotDisplaceTheHitPointFromTheObservedLine
[       OK ] GameObserver.FitResidualDoesNotDisplaceTheHitPointFromTheObservedLine (333 ms)
[ RUN      ] GameObserver.SlantedLineSurvivesIntersectionAndMatchesNoteOrientation
[       OK ] GameObserver.SlantedLineSurvivesIntersectionAndMatchesNoteOrientation (471 ms)
[ RUN      ] GameObserver.OneCurrentRailPairCannotMultiplyHeldIdentitiesThroughCoreFragments
[       OK ] GameObserver.OneCurrentRailPairCannotMultiplyHeldIdentitiesThroughCoreFragments (4183 ms)
[ RUN      ] GameObserver.CurrentAttachedGrayRailsRetainFrontClippedBeforeOnlineClassification
[       OK ] GameObserver.CurrentAttachedGrayRailsRetainFrontClippedBeforeOnlineClassification (1134 ms)
[ RUN      ] GameObserver.GrayHeldFrontCanMoveAwayFromTheLineWithTheSameFingerAndCurrentHit
[       OK ] GameObserver.GrayHeldFrontCanMoveAwayFromTheLineWithTheSameFingerAndCurrentHit (1957 ms)
[ RUN      ] GameObserver.HeldBodyKeepsItsFingerThroughAFrontOcclusionAndRecoversCurrentFront
[       OK ] GameObserver.HeldBodyKeepsItsFingerThroughAFrontOcclusionAndRecoversCurrentFront (1439 ms)
[ RUN      ] GameObserver.RotatingCurrentLineRetainsIdentityAndFreshLocalHitGeometry
[       OK ] GameObserver.RotatingCurrentLineRetainsIdentityAndFreshLocalHitGeometry (483 ms)
[ RUN      ] GameObserver.InterruptedThinBandIsOneLineButSeparatedBandsRemainDistinct
[       OK ] GameObserver.InterruptedThinBandIsOneLineButSeparatedBandsRemainDistinct (112 ms)
[ RUN      ] GameObserver.TiltedMovingDragUsesLocalCoreAndOneCurrentContact
[       OK ] GameObserver.TiltedMovingDragUsesLocalCoreAndOneCurrentContact (637 ms)
[ RUN      ] GameObserver.PerpendicularColoredRibbonsKeepTheirOwnGeometryAndKind
[       OK ] GameObserver.PerpendicularColoredRibbonsKeepTheirOwnGeometryAndKind (907 ms)
[----------] 56 tests from GameObserver (63426 ms total)

[----------] 10 tests from GameDiagnostics
[ RUN      ] GameDiagnostics.CurrentCentralDigitShapesExcludeComboLabelRailsAndProgress
[       OK ] GameDiagnostics.CurrentCentralDigitShapesExcludeComboLabelRailsAndProgress (116 ms)
[ RUN      ] GameDiagnostics.ComboDisappearanceRequiresFreshSustainedAbsenceAndRearms
[       OK ] GameDiagnostics.ComboDisappearanceRequiresFreshSustainedAbsenceAndRearms (0 ms)
[ RUN      ] GameDiagnostics.DecorativeRailConnectedToDigitDoesNotReportDisappearance
[       OK ] GameDiagnostics.DecorativeRailConnectedToDigitDoesNotReportDisappearance (419 ms)
[ RUN      ] GameDiagnostics.ThinHorizontalRibbonJoiningDigitsKeepsVisibleTallInk
[       OK ] GameDiagnostics.ThinHorizontalRibbonJoiningDigitsKeepsVisibleTallInk (105 ms)
[ RUN      ] GameDiagnostics.ComboDiagnosticRejectsReplayUiLossLongGapAndGeometryChange
[       OK ] GameDiagnostics.ComboDiagnosticRejectsReplayUiLossLongGapAndGeometryChange (0 ms)
[ RUN      ] GameDiagnostics.LongHoldDisappearanceRetainsOnlyItsPriorCoordinateEvidence
[       OK ] GameDiagnostics.LongHoldDisappearanceRetainsOnlyItsPriorCoordinateEvidence (4 ms)
[ RUN      ] GameDiagnostics.HoldDiagnosticKeepsVisibleNewIdentityButRejectsNarrowFragments
[       OK ] GameDiagnostics.HoldDiagnosticKeepsVisibleNewIdentityButRejectsNarrowFragments (0 ms)
[ RUN      ] GameDiagnostics.HoldDiagnosticSkipsEndingBodyAndFrameDiscontinuities
[       OK ] GameDiagnostics.HoldDiagnosticSkipsEndingBodyAndFrameDiscontinuities (0 ms)
[ RUN      ] GameDiagnostics.ApproachingBodyCannotConsumeTheHeldDisappearanceWindow
[       OK ] GameDiagnostics.ApproachingBodyCannotConsumeTheHeldDisappearanceWindow (0 ms)
[ RUN      ] GameDiagnostics.CurrentHeldBodyMovingAwayFromTheLineCanReportItsDisappearance
[       OK ] GameDiagnostics.CurrentHeldBodyMovingAwayFromTheLineCanReportItsDisappearance (0 ms)
[----------] 10 tests from GameDiagnostics (649 ms total)

[----------] 51 tests from GameOwner
[ RUN      ] GameOwner.NewTimingUncertaintyCancelsPendingDownAndFreshEvidenceCanRetryExactlyOnce
[       OK ] GameOwner.NewTimingUncertaintyCancelsPendingDownAndFreshEvidenceCanRetryExactlyOnce (3 ms)
[ RUN      ] GameOwner.FreshPredictionRefinesPendingDeadlineButCannotReplayActiveDown
[       OK ] GameOwner.FreshPredictionRefinesPendingDeadlineButCannotReplayActiveDown (3 ms)
[ RUN      ] GameOwner.ContradictedPendingPredictionCannotInjectButFreshPredictionCanRetry
[       OK ] GameOwner.ContradictedPendingPredictionCannotInjectButFreshPredictionCanRetry (44 ms)
[ RUN      ] GameOwner.ContradictionAfterDownCannotReplayOrCancelTheActiveDragWindow
[       OK ] GameOwner.ContradictionAfterDownCannotReplayOrCancelTheActiveDragWindow (3 ms)
[ RUN      ] GameOwner.HoldRefreshStaysBoundedThenMissingEvidenceReleasesContact
[       OK ] GameOwner.HoldRefreshStaysBoundedThenMissingEvidenceReleasesContact (14 ms)
[ RUN      ] GameOwner.FiveHoldsKeepIndependentContactsUntilCurrentTailsActuallyPass
[       OK ] GameOwner.FiveHoldsKeepIndependentContactsUntilCurrentTailsActuallyPass (20 ms)
[ RUN      ] GameOwner.SixthSimultaneousContactIsRejectedWithoutStealingFiveActiveFingers
[       OK ] GameOwner.SixthSimultaneousContactIsRejectedWithoutStealingFiveActiveFingers (3 ms)
[ RUN      ] GameOwner.RotatingHeldBodyAndColocatedTapKeepSeparateContacts
[       OK ] GameOwner.RotatingHeldBodyAndColocatedTapKeepSeparateContacts (4 ms)
[ RUN      ] GameOwner.TailPredictionWithoutCurrentVisibleTailDoesNotEndHoldOrExtendExpiry
[       OK ] GameOwner.TailPredictionWithoutCurrentVisibleTailDoesNotEndHoldOrExtendExpiry (1 ms)
[ RUN      ] GameOwner.MovingNearLineDragKeepsOneFingerWithoutRepeatedCrossingFits
[       OK ] GameOwner.MovingNearLineDragKeepsOneFingerWithoutRepeatedCrossingFits (13 ms)
[ RUN      ] GameOwner.CurrentOuterBodyReassociatesHoldButCannotReviveCompletedFinger
[       OK ] GameOwner.CurrentOuterBodyReassociatesHoldButCannotReviveCompletedFinger (4 ms)
[ RUN      ] GameOwner.PreviouslySeenUnsubmittedHoldDescriptionCanRetainStartedContact
[       OK ] GameOwner.PreviouslySeenUnsubmittedHoldDescriptionCanRetainStartedContact (3 ms)
[ RUN      ] GameOwner.AliasesNeedCurrentSupportAndCannotOverrideOriginalOrReviveExpiredOwner
[       OK ] GameOwner.AliasesNeedCurrentSupportAndCannotOverrideOriginalOrReviveExpiredOwner (13 ms)
[ RUN      ] GameOwner.MovingHoldRejectsColorFragmentProjectionAndKeepsTheOriginalMissingGrace
[       OK ] GameOwner.MovingHoldRejectsColorFragmentProjectionAndKeepsTheOriginalMissingGrace (5 ms)
[ RUN      ] GameOwner.SameHoldCanRecoverItsFrontFromAnInteriorPatchWithoutChangingContact
[       OK ] GameOwner.SameHoldCanRecoverItsFrontFromAnInteriorPatchWithoutChangingContact (24 ms)
[ RUN      ] GameOwner.HeldBodySupportCannotCreateANewDownEvenWithAFittedCrossing
[       OK ] GameOwner.HeldBodySupportCannotCreateANewDownEvenWithAFittedCrossing (0 ms)
[ RUN      ] GameOwner.PendingHoldDeadlineRevisionsRenewFromCurrentCaptureBeforeTheNextFrameGap
[       OK ] GameOwner.PendingHoldDeadlineRevisionsRenewFromCurrentCaptureBeforeTheNextFrameGap (2 ms)
[ RUN      ] GameOwner.FreshYellowRegionsBridgeSuccessiveIdsWithoutRepeatingDown
[       OK ] GameOwner.FreshYellowRegionsBridgeSuccessiveIdsWithoutRepeatingDown (16 ms)
[ RUN      ] GameOwner.YellowRegionSharingRejectsAcrossLineAndAmbiguousActiveCoverage
[       OK ] GameOwner.YellowRegionSharingRejectsAcrossLineAndAmbiguousActiveCoverage (5 ms)
[ RUN      ] GameOwner.LongHoldBridgesFreshSparseFramesButStopsAtActualEvidenceExpiry
[       OK ] GameOwner.LongHoldBridgesFreshSparseFramesButStopsAtActualEvidenceExpiry (7 ms)
[ RUN      ] GameOwner.TypeGateAndFlickUseIndependentDownMoveUpSequence
[       OK ] GameOwner.TypeGateAndFlickUseIndependentDownMoveUpSequence (3 ms)
[ RUN      ] GameOwner.FlickNearLowerBoundaryKeepsFourFiniteMovesInsideScreen
[       OK ] GameOwner.FlickNearLowerBoundaryKeepsFourFiniteMovesInsideScreen (1 ms)
[ RUN      ] GameOwner.PendingFlickRevisionRebuildsFullPathFromCurrentHit
[       OK ] GameOwner.PendingFlickRevisionRebuildsFullPathFromCurrentHit (1 ms)
[ RUN      ] GameOwner.OutOfOrderNotesGetSubmissionIdsAndFullSnapshotCancelsMissing
[       OK ] GameOwner.OutOfOrderNotesGetSubmissionIdsAndFullSnapshotCancelsMissing (4 ms)
[ RUN      ] GameOwner.SingleMissingDragFrameCancelsFutureDownAndFreshReturnCanReplan
[       OK ] GameOwner.SingleMissingDragFrameCancelsFutureDownAndFreshReturnCanReplan (5 ms)
[ RUN      ] GameOwner.MissingPendingTapAndDragRetryWithCurrentEvidenceExactlyOnce
[       OK ] GameOwner.MissingPendingTapAndDragRetryWithCurrentEvidenceExactlyOnce (6 ms)
[ RUN      ] GameOwner.InvalidPendingGeometryCanRetryOnlyFromFreshValidPrediction
[       OK ] GameOwner.InvalidPendingGeometryCanRetryOnlyFromFreshValidPrediction (14 ms)
[ RUN      ] GameOwner.MissingAfterStartedOrCompletedDownCannotRetryReturnedPixels
[       OK ] GameOwner.MissingAfterStartedOrCompletedDownCannotRetryReturnedPixels (13 ms)
[ RUN      ] GameOwner.DragCoverageSurvivesLateCrossingWithoutReplayingDown
[       OK ] GameOwner.DragCoverageSurvivesLateCrossingWithoutReplayingDown (4 ms)
[ RUN      ] GameOwner.DenseColocatedDragsShareOneActiveContactAndKeepTapIndependent
[       OK ] GameOwner.DenseColocatedDragsShareOneActiveContactAndKeepTapIndependent (7 ms)
[ RUN      ] GameOwner.ADisappearingDragMemberCannotReleaseTheStillObservedGroup
[       OK ] GameOwner.ADisappearingDragMemberCannotReleaseTheStillObservedGroup (4 ms)
[ RUN      ] GameOwner.DifferentDragPositionsKeepIndependentContactsAndGateLossReleasesTheGroup
[       OK ] GameOwner.DifferentDragPositionsKeepIndependentContactsAndGateLossReleasesTheGroup (7 ms)
[ RUN      ] GameOwner.BoundedLatePredictionRecoversNowButOldEvidenceAndExecutedDownCannotReplay
[       OK ] GameOwner.BoundedLatePredictionRecoversNowButOldEvidenceAndExecutedDownCannotReplay (7 ms)
[ RUN      ] GameOwner.LateGeometrySnapshotCannotCancelCurrentPendingIntent
[       OK ] GameOwner.LateGeometrySnapshotCannotCancelCurrentPendingIntent (1 ms)
[ RUN      ] GameOwner.CurrentDragOverlapStartsWithoutInventingARootAndTracksMovingLine
[       OK ] GameOwner.CurrentDragOverlapStartsWithoutInventingARootAndTracksMovingLine (8 ms)
[ RUN      ] GameOwner.DragOverlapRejectsMissingStaleAmbiguousAndNonCoreGeometry
[       OK ] GameOwner.DragOverlapRejectsMissingStaleAmbiguousAndNonCoreGeometry (11 ms)
[ RUN      ] GameOwner.PendingDragPredictionCanBecomeACurrentSpatialContactExactlyOnce
[       OK ] GameOwner.PendingDragPredictionCanBecomeACurrentSpatialContactExactlyOnce (3 ms)
[ RUN      ] GameOwner.ConsecutiveSpatialDragCoresShareTheStartedFingerWithoutAnyCrossing
[       OK ] GameOwner.ConsecutiveSpatialDragCoresShareTheStartedFingerWithoutAnyCrossing (3 ms)
[ RUN      ] GameOwner.RotatingCurrentHoldKeepsItsFingerAndMovesOnlyWithCurrentBody
[       OK ] GameOwner.RotatingCurrentHoldKeepsItsFingerAndMovesOnlyWithCurrentBody (2 ms)
[ RUN      ] GameOwner.UnsupportedHoldProjectionCannotMoveTheStartedFinger
[       OK ] GameOwner.UnsupportedHoldProjectionCannotMoveTheStartedFinger (1 ms)
[ RUN      ] GameOwner.PreviouslyTrackedTapCanUseNewCurrentLineAtVisibleOverlap
[       OK ] GameOwner.PreviouslyTrackedTapCanUseNewCurrentLineAtVisibleOverlap (3 ms)
[ RUN      ] GameOwner.CurrentNoteKeepsConfirmedMovingLineThroughShortOcclusion
[       OK ] GameOwner.CurrentNoteKeepsConfirmedMovingLineThroughShortOcclusion (5 ms)
[ RUN      ] GameOwner.DiscontinuousPixelsCancelOnlyAnUnexecutedDown
[       OK ] GameOwner.DiscontinuousPixelsCancelOnlyAnUnexecutedDown (3 ms)
[ RUN      ] GameOwner.RotatedTailNeedsTwoCurrentSamplesOnItsOwnLine
[       OK ] GameOwner.RotatedTailNeedsTwoCurrentSamplesOnItsOwnLine (4 ms)
[ RUN      ] GameOwner.CurrentTapOverlapRejectsCompetingStaleInvalidAndUnsupportedEvidence
[       OK ] GameOwner.CurrentTapOverlapRejectsCompetingStaleInvalidAndUnsupportedEvidence (10 ms)
[ RUN      ] GameOwner.CurrentTapOverlapCompletesOnceAndCannotReplayAfterReturn
[       OK ] GameOwner.CurrentTapOverlapCompletesOnceAndCannotReplayAfterReturn (3 ms)
[ RUN      ] GameOwner.CurrentTapOverlapUnknownDownIsNotRetried
[       OK ] GameOwner.CurrentTapOverlapUnknownDownIsNotRetried (1 ms)
[ RUN      ] GameOwner.PerpendicularCurrentTapOverlapRequiresItsActualCore
[       OK ] GameOwner.PerpendicularCurrentTapOverlapRequiresItsActualCore (3 ms)
[ RUN      ] GameOwner.PerpendicularCurrentDragOverlapNeedsCurrentCoreAndReleasesOnce
[       OK ] GameOwner.PerpendicularCurrentDragOverlapNeedsCurrentCoreAndReleasesOnce (3 ms)
[ RUN      ] GameOwner.RotatingSupportedHoldKeepsTheSameContactButFragmentsCannotMoveIt
[       OK ] GameOwner.RotatingSupportedHoldKeepsTheSameContactButFragmentsCannotMoveIt (4 ms)
[ RUN      ] GameOwner.UnrelatedOrStaleLineCannotConfirmTheCurrentHoldTail
[       OK ] GameOwner.UnrelatedOrStaleLineCannotConfirmTheCurrentHoldTail (6 ms)
[----------] 51 tests from GameOwner (374 ms total)

[----------] 5 tests from GameScheduler
[ RUN      ] GameScheduler.ActivePrefixCompactionKeepsLastExecutedStepAndCannotDropFuture
[       OK ] GameScheduler.ActivePrefixCompactionKeepsLastExecutedStepAndCannotDropFuture (0 ms)
[ RUN      ] GameScheduler.FuturePlansDoNotReserveContacts
[       OK ] GameScheduler.FuturePlansDoNotReserveContacts (0 ms)
[ RUN      ] GameScheduler.ActiveRevisionPreservesMovesAndRejectsChangedExecutedPrefix
[       OK ] GameScheduler.ActiveRevisionPreservesMovesAndRejectsChangedExecutedPrefix (0 ms)
[ RUN      ] GameScheduler.TargetExpiryReleasesOnlyThatContactAndFreshGateKeepsOther
[       OK ] GameScheduler.TargetExpiryReleasesOnlyThatContactAndFreshGateKeepsOther (0 ms)
[ RUN      ] GameScheduler.ContextAndDispatchGuardRevokePendingAndActive
[       OK ] GameScheduler.ContextAndDispatchGuardRevokePendingAndActive (0 ms)
[----------] 5 tests from GameScheduler (5 ms total)

[----------] 21 tests from GameMotion
[ RUN      ] GameMotion.CurrentGrayOutlineTracksTranslationButRejectsSingleRailAndMissingClosure
[       OK ] GameMotion.CurrentGrayOutlineTracksTranslationButRejectsSingleRailAndMissingClosure (15 ms)
[ RUN      ] GameMotion.IndependentLinesKeepIdentityAcrossReorderingMotionAndTangentSign
[       OK ] GameMotion.IndependentLinesKeepIdentityAcrossReorderingMotionAndTangentSign (2 ms)
[ RUN      ] GameMotion.BurstFramesCannotAmplifyLineNoiseOrReplaceCurrentGeometry
[       OK ] GameMotion.BurstFramesCannotAmplifyLineNoiseOrReplaceCurrentGeometry (2 ms)
[ RUN      ] GameMotion.RotatingLineEquationsIgnoreAlongLineCropCenterDrift
[       OK ] GameMotion.RotatingLineEquationsIgnoreAlongLineCropCenterDrift (14 ms)
[ RUN      ] GameMotion.FittedRotationAssociatesAfterGapWithoutInventingAMissingLine
[       OK ] GameMotion.FittedRotationAssociatesAfterGapWithoutInventingAMissingLine (2 ms)
[ RUN      ] GameMotion.NonlinearLinePoseRejectsVelocityAndDuplicateLinesRemainAmbiguous
[       OK ] GameMotion.NonlinearLinePoseRejectsVelocityAndDuplicateLinesRemainAmbiguous (2 ms)
[ RUN      ] GameMotion.DistributedTiltedRidgeRejectsWideFillShortBarsAndMissingSupport
[       OK ] GameMotion.DistributedTiltedRidgeRejectsWideFillShortBarsAndMissingSupport (35 ms)
[ RUN      ] GameMotion.TiltedLineExtentUsesMeasuredFragmentsAndRejectsLargeUnsupportedGaps
[       OK ] GameMotion.TiltedLineExtentUsesMeasuredFragmentsAndRejectsLargeUnsupportedGaps (26 ms)
[ RUN      ] GameMotion.ApproachingAnchorNeedsCurrentRailsAttachedToTheLine
[       OK ] GameMotion.ApproachingAnchorNeedsCurrentRailsAttachedToTheLine (8 ms)
[ RUN      ] GameMotion.ShortTerminalOutlineKeepsCurrentTailAndRejectsInternalClosingFlash
[       OK ] GameMotion.ShortTerminalOutlineKeepsCurrentTailAndRejectsInternalClosingFlash (23 ms)
[ RUN      ] GameMotion.MovingHeldFrontNeedsPairedCurrentTerminationAndCannotInferFromHistory
[       OK ] GameMotion.MovingHeldFrontNeedsPairedCurrentTerminationAndCannotInferFromHistory (207 ms)
[ RUN      ] GameMotion.MovingFrontCannotSnapToAnEffectBoxWithoutCurrentBodyInterior
[       OK ] GameMotion.MovingFrontCannotSnapToAnEffectBoxWithoutCurrentBodyInterior (110 ms)
[ RUN      ] GameMotion.OccludedFrontCanUseOnlyAVisiblePairedBodyInterior
[       OK ] GameMotion.OccludedFrontCanUseOnlyAVisiblePairedBodyInterior (85 ms)
[ RUN      ] GameMotion.ContestedDuplicateDoesNotCreateARecurringLineage
[       OK ] GameMotion.ContestedDuplicateDoesNotCreateARecurringLineage (11 ms)
[ RUN      ] GameMotion.CloseRealLinesStayDistinctAndExpiryDoesNotBridgeNinetyMilliseconds
[       OK ] GameMotion.CloseRealLinesStayDistinctAndExpiryDoesNotBridgeNinetyMilliseconds (4 ms)
[ RUN      ] GameMotion.PersistentNearNewLineIsBornAfterBoundedEvidenceButFarNewLineImmediately
[       OK ] GameMotion.PersistentNearNewLineIsBornAfterBoundedEvidenceButFarNewLineImmediately (3 ms)
[ RUN      ] GameMotion.RotatedCurrentHoldRailsCanContinueAnOlderAnchor
[       OK ] GameMotion.RotatedCurrentHoldRailsCanContinueAnOlderAnchor (8 ms)
[ RUN      ] GameMotion.SixteenLinesRemainBoundedAndContextGapStartsNewLineage
[       OK ] GameMotion.SixteenLinesRemainBoundedAndContextGapStartsNewLineage (32 ms)
[ RUN      ] GameMotion.ContestedObservationCannotSeedRecurringDuplicateTracks
[       OK ] GameMotion.ContestedObservationCannotSeedRecurringDuplicateTracks (10 ms)
[ RUN      ] GameMotion.ConvergedLineAmbiguityExpiresWithoutInventingIdentity
[       OK ] GameMotion.ConvergedLineAmbiguityExpiresWithoutInventingIdentity (13 ms)
[ RUN      ] GameMotion.RotatedCurrentHoldRailsRequireBothCurrentlyVisibleSides
[       OK ] GameMotion.RotatedCurrentHoldRailsRequireBothCurrentlyVisibleSides (20 ms)
[----------] 21 tests from GameMotion (644 ms total)

[----------] 2 tests from GameRuntime
[ RUN      ] GameRuntime.ActualCaptureOptionsUseEffectiveProfileGuard
[       OK ] GameRuntime.ActualCaptureOptionsUseEffectiveProfileGuard (0 ms)
[ RUN      ] GameRuntime.HistoricalFingerprintRejectsMappingDeviceAndUnverifiedReports
[       OK ] GameRuntime.HistoricalFingerprintRejectsMappingDeviceAndUnverifiedReports (23 ms)
[----------] 2 tests from GameRuntime (24 ms total)

[----------] 2 tests from AutoPlay
[ RUN      ] AutoPlay.PixelsConfirmSelectionAndOneAttemptNeverBecomesGameplayInput
[       OK ] AutoPlay.PixelsConfirmSelectionAndOneAttemptNeverBecomesGameplayInput (207 ms)
[ RUN      ] AutoPlay.UnknownStaleOutOfFrameAndContradictoryScenesCannotStart
[       OK ] AutoPlay.UnknownStaleOutOfFrameAndContradictoryScenesCannotStart (0 ms)
[----------] 2 tests from AutoPlay (207 ms total)

[----------] 39 tests from GameTracking
[ RUN      ] GameTracking.DistantAppearanceAngleCannotStealEstablishedLineRelation
[       OK ] GameTracking.DistantAppearanceAngleCannotStealEstablishedLineRelation (1 ms)
[ RUN      ] GameTracking.CrossingLineDoesNotStealAnApproachingConfirmedNote
[       OK ] GameTracking.CrossingLineDoesNotStealAnApproachingConfirmedNote (1 ms)
[ RUN      ] GameTracking.RecedingConfirmedLineDoesNotOverrideCurrentCrossing
[       OK ] GameTracking.RecedingConfirmedLineDoesNotOverrideCurrentCrossing (1 ms)
[ RUN      ] GameTracking.RelativeApproachSeparatesEquidistantUnrelatedLines
[       OK ] GameTracking.RelativeApproachSeparatesEquidistantUnrelatedLines (0 ms)
[ RUN      ] GameTracking.OccupiedAlternativeIsNotAnIdentityAmbiguityWithoutFeasibleSwap
[       OK ] GameTracking.OccupiedAlternativeIsNotAnIdentityAmbiguityWithoutFeasibleSwap (0 ms)
[ RUN      ] GameTracking.JumpAndReversalRequireFreshMeasuredSegments
[       OK ] GameTracking.JumpAndReversalRequireFreshMeasuredSegments (5 ms)
[ RUN      ] GameTracking.EquidistantLinesRemainCandidatesWithoutAGuessedDown
[       OK ] GameTracking.EquidistantLinesRemainCandidatesWithoutAGuessedDown (0 ms)
[ RUN      ] GameTracking.NearLineFirstAppearanceDoesNotInventTapTiming
[       OK ] GameTracking.NearLineFirstAppearanceDoesNotInventTapTiming (0 ms)
[ RUN      ] GameTracking.MissingLineProjectionRejectsReversalReplacementAndOldExtentExit
[       OK ] GameTracking.MissingLineProjectionRejectsReversalReplacementAndOldExtentExit (3 ms)
[ RUN      ] GameTracking.RotatingOriginalLineProjectsWithinItsMeasuredExtent
[       OK ] GameTracking.RotatingOriginalLineProjectsWithinItsMeasuredExtent (1 ms)
[ RUN      ] GameTracking.ConfirmedLineProjectionExpiresWithoutNewLinePixels
[       OK ] GameTracking.ConfirmedLineProjectionExpiresWithoutNewLinePixels (1 ms)
[ RUN      ] GameTracking.ExpiredOriginalLineLetsExplicitNextLineEarnFreshRelation
[       OK ] GameTracking.ExpiredOriginalLineLetsExplicitNextLineEarnFreshRelation (1 ms)
[ RUN      ] GameTracking.CurrentTapOverlapNeedsPriorApproachAndCannotUseFirstAppearance
[       OK ] GameTracking.CurrentTapOverlapNeedsPriorApproachAndCannotUseFirstAppearance (2 ms)
[ RUN      ] GameTracking.EmergingTapAtCrossedLinesRemainsWithoutImmediateActionBasis
[       OK ] GameTracking.EmergingTapAtCrossedLinesRemainsWithoutImmediateActionBasis (0 ms)
[ RUN      ] GameTracking.NormalMotionOutranksAnUnrelatedParallelDecoration
[       OK ] GameTracking.NormalMotionOutranksAnUnrelatedParallelDecoration (1 ms)
[ RUN      ] GameTracking.ConfirmedCurrentLineSurvivesLateNoteAlignmentAndBrighterFork
[       OK ] GameTracking.ConfirmedCurrentLineSurvivesLateNoteAlignmentAndBrighterFork (1 ms)
[ RUN      ] GameTracking.GenuineTwoLinesRetainIndependentPerpendicularNotes
[       OK ] GameTracking.GenuineTwoLinesRetainIndependentPerpendicularNotes (2 ms)
[ RUN      ] GameTracking.CompetingParallelLinesAndRecedingPerpendicularNotesDoNotGuessDown
[       OK ] GameTracking.CompetingParallelLinesAndRecedingPerpendicularNotesDoNotGuessDown (9 ms)
[ RUN      ] GameTracking.LineChasingAStationaryPerpendicularNoteUsesRelativeMotion
[       OK ] GameTracking.LineChasingAStationaryPerpendicularNoteUsesRelativeMotion (1 ms)
[ RUN      ] GameTracking.BaselinePixelSequenceAndSerializedBankAreEquivalent
[       OK ] GameTracking.BaselinePixelSequenceAndSerializedBankAreEquivalent (1199 ms)
[ RUN      ] GameTracking.MovingHeldBodyEvidenceRoundTripsAndRequiresItsCurrentGeometry
[       OK ] GameTracking.MovingHeldBodyEvidenceRoundTripsAndRequiresItsCurrentGeometry (30 ms)
[ RUN      ] GameTracking.LinePoseFitRoundTripsAndRejectsUnboundedOrInvalidEvidence
[       OK ] GameTracking.LinePoseFitRoundTripsAndRejectsUnboundedOrInvalidEvidence (30 ms)
[ RUN      ] GameTracking.HeldBodyPatchHasNoHeadOrTailPredictionAndRoundTripsItsEvidence
[       OK ] GameTracking.HeldBodyPatchHasNoHeadOrTailPredictionAndRoundTripsItsEvidence (22 ms)
[ RUN      ] GameTracking.WeakNewCandidatesAndPredictionCannotCreateOrRefreshActions
[       OK ] GameTracking.WeakNewCandidatesAndPredictionCannotCreateOrRefreshActions (6 ms)
[ RUN      ] GameTracking.CurrentWeakRailsRequireBothSidesFreshAnchorAndVisibleHead
[       OK ] GameTracking.CurrentWeakRailsRequireBothSidesFreshAnchorAndVisibleHead (13 ms)
[ RUN      ] GameTracking.ActualDtAndBoundedReupdateNeverInsertSyntheticEvidence
[       OK ] GameTracking.ActualDtAndBoundedReupdateNeverInsertSyntheticEvidence (12 ms)
[ RUN      ] GameTracking.AdjacentHoldsAndThinOverlappingTapStayDistinct
[       OK ] GameTracking.AdjacentHoldsAndThinOverlappingTapStayDistinct (20 ms)
[ RUN      ] GameTracking.CompetingIdentityIsVisibleAndCannotBecomeNewBirth
[       OK ] GameTracking.CompetingIdentityIsVisibleAndCannotBecomeNewBirth (3 ms)
[ RUN      ] GameTracking.DuplicateNewCandidatesCannotBothCreateExecutionBirths
[       OK ] GameTracking.DuplicateNewCandidatesCannotBothCreateExecutionBirths (1 ms)
[ RUN      ] GameTracking.CapacityRevokeDoesNotForgetRetiredExecutionBirth
[       OK ] GameTracking.CapacityRevokeDoesNotForgetRetiredExecutionBirth (3 ms)
[ RUN      ] GameTracking.ShortenedHoldFrontContinuesButThinTapRemainsNew
[       OK ] GameTracking.ShortenedHoldFrontContinuesButThinTapRemainsNew (6 ms)
[ RUN      ] GameTracking.SixtyNinetyAndHundredMsUseActualSourceTime
[       OK ] GameTracking.SixtyNinetyAndHundredMsUseActualSourceTime (20 ms)
[ RUN      ] GameTracking.RetiredHoldBirthPersistsThrough441msAndRevisionIsMonotonic
[       OK ] GameTracking.RetiredHoldBirthPersistsThrough441msAndRevisionIsMonotonic (8 ms)
[ RUN      ] GameTracking.SourceInvalidAndReplayedTimeCannotArm
[       OK ] GameTracking.SourceInvalidAndReplayedTimeCannotArm (2 ms)
[ RUN      ] GameTracking.MissingOrPerpendicularLineCannotProvideActionEvidence
[       OK ] GameTracking.MissingOrPerpendicularLineCannotProvideActionEvidence (2 ms)
[ RUN      ] GameTracking.AssignmentIndicesAndCandidateGeometryAreRejected
[       OK ] GameTracking.AssignmentIndicesAndCandidateGeometryAreRejected (8 ms)
[ RUN      ] GameTracking.TrackAndRetirementCapacityHaveConservativeFailure
[       OK ] GameTracking.TrackAndRetirementCapacityHaveConservativeFailure (125 ms)
[ RUN      ] GameTracking.FakeOwnerMissingAndStopReleaseWithoutPredictedContinuation
[       OK ] GameTracking.FakeOwnerMissingAndStopReleaseWithoutPredictedContinuation (13 ms)
[ RUN      ] GameTracking.ShadowAndBankAreBoundedAndHaveNoBackend
[       OK ] GameTracking.ShadowAndBankAreBoundedAndHaveNoBackend (270 ms)
[----------] 39 tests from GameTracking (1853 ms total)

[----------] Global test environment tear-down
[==========] 186 tests from 8 test suites ran. (67189 ms total)
[  PASSED  ] 186 tests.
TRACE native END exit=0
