TRACE native START
Running main() from C:\Users\wurre\Desktop\Phigros-Auto-play-System\out\vcpkg_installed\vcpkg\blds\gtest\src\v1.18.0-e6987f02b9.clean\googletest\src\gtest_main.cc
[==========] Running 186 tests from 8 test suites.
[----------] Global test environment set-up.
[----------] 56 tests from GameObserver
[ RUN      ] GameObserver.MultiplePixelsTracksAndRelativeMovingLinePrediction
[       OK ] GameObserver.MultiplePixelsTracksAndRelativeMovingLinePrediction (150 ms)
[ RUN      ] GameObserver.CrossingCurrentVerticalRidgeSurvivesConnectedHorizontalLine
[       OK ] GameObserver.CrossingCurrentVerticalRidgeSurvivesConnectedHorizontalLine (458 ms)
[ RUN      ] GameObserver.CurrentVerticalSearchRejectsHoldSideRailsAndBroadWhiteFill
[       OK ] GameObserver.CurrentVerticalSearchRejectsHoldSideRailsAndBroadWhiteFill (290 ms)
[ RUN      ] GameObserver.RotatedSplitFlickJoinsOnlyWithItsCurrentTransverseArrow
[       OK ] GameObserver.RotatedSplitFlickJoinsOnlyWithItsCurrentTransverseArrow (280 ms)
[ RUN      ] GameObserver.CrossingVerticalWhiteRidgeSurvivesCurrentWarmHitTintButCannotBeBornFromTint
[       OK ] GameObserver.CrossingVerticalWhiteRidgeSurvivesCurrentWarmHitTintButCannotBeBornFromTint (261 ms)
[ RUN      ] GameObserver.RowPrescreenPreservesCompleteDecisionsOnSyntheticMotion
[       OK ] GameObserver.RowPrescreenPreservesCompleteDecisionsOnSyntheticMotion (346 ms)
[ RUN      ] GameObserver.RowPrescreenPreservesRecordedClipDecisionsWhenProvided
joined_line_diff round=1 clip=4 frame=1466 baseline=1 split=3 (543,359.5;0,1;719) (955,394;0,1;650) (640,576;1,0;1280)
joined_line_diff round=1 clip=4 frame=1467 baseline=2 split=4 (536.5,359.5;0,1;719) (956.5,406.5;0,1;625) (640,576;1,0;1280) (352,165.668;6.12323e-17,1;332.941)
joined_line_diff round=1 clip=4 frame=1468 baseline=2 split=4 (533,359.5;0,1;719) (958,413;0,1;612) (640,576.022;1,4.39244e-05;1280) (369,169;6.12323e-17,1;339.592)
joined_line_diff round=2 clip=9 frame=19284 baseline=1 split=2 (640.5,363.5;0,1;711) (640,575.521;0.999999,0.00116466;1280)
joined_line_diff round=2 clip=9 frame=19285 baseline=1 split=2 (641.5,363.5;0,1;711) (640,575.502;0.999989,0.00465035;1280.01)
joined_line_diff round=2 clip=9 frame=19286 baseline=1 split=2 (644.5,363.5;0,1;711) (640,575.297;0.999947,0.0102676;1280.07)
row_prescreen full n=60 p5=10.8299 p50=16.9158 p95=26.4084 p99=28.11 max=28.7571 jitter_p95_minus_p5=15.5785 ms
row_prescreen prescreen n=60 p5=5.575 p50=9.1592 p95=17.3471 p99=20.8962 max=20.9702 jitter_p95_minus_p5=11.7721 ms
row_prescreen joined n=60 p5=19.1735 p50=24.8645 p95=85.6412 p99=87.128 max=89.4578 jitter_p95_minus_p5=66.4677 ms
joined_line_differences n=6 focus=0 of 60 frames
[       OK ] GameObserver.RowPrescreenPreservesRecordedClipDecisionsWhenProvided (4139 ms)
[ RUN      ] GameObserver.SplitsPixelConnectedCrossingRidgesWithoutInventingHoldRails
[       OK ] GameObserver.SplitsPixelConnectedCrossingRidgesWithoutInventingHoldRails (309 ms)
[ RUN      ] GameObserver.NotesAloneDuplicateFramesAndGeometryCannotArm
[       OK ] GameObserver.NotesAloneDuplicateFramesAndGeometryCannotArm (186 ms)
[ RUN      ] GameObserver.ChangingIndicatorColorKeepsTiltedLinePredictionAndNoteIdentity
[       OK ] GameObserver.ChangingIndicatorColorKeepsTiltedLinePredictionAndNoteIdentity (95 ms)
[ RUN      ] GameObserver.UiLossCancelsAndCapacityIsBounded
[       OK ] GameObserver.UiLossCancelsAndCapacityIsBounded (146 ms)
[ RUN      ] GameObserver.FreshHudAfterShortGapKeepsUiButClearsAllMotionAcrossEpoch
[       OK ] GameObserver.FreshHudAfterShortGapKeepsUiButClearsAllMotionAcrossEpoch (156 ms)
[ RUN      ] GameObserver.HudContinuityNeverBridgesMissingPixelsLongGapOrGeometry
[       OK ] GameObserver.HudContinuityNeverBridgesMissingPixelsLongGapOrGeometry (388 ms)
[ RUN      ] GameObserver.OnePixelLineJoinedToHoldBorderStaysObservable
[       OK ] GameObserver.OnePixelLineJoinedToHoldBorderStaysObservable (36 ms)
[ RUN      ] GameObserver.NestedRibbonsMergeButEqualWidthOverlapsRemainDistinct
[       OK ] GameObserver.NestedRibbonsMergeButEqualWidthOverlapsRemainDistinct (20 ms)
[ RUN      ] GameObserver.YellowOutlineDoesNotDuplicateBlueCoreAndHoldHasLeadingEdgeAndTail
[       OK ] GameObserver.YellowOutlineDoesNotDuplicateBlueCoreAndHoldHasLeadingEdgeAndTail (28 ms)
[ RUN      ] GameObserver.DesaturatedHoldRequiresFreshParallelRailsAndDoesNotInventClippedTail
[       OK ] GameObserver.DesaturatedHoldRequiresFreshParallelRailsAndDoesNotInventClippedTail (230 ms)
[ RUN      ] GameObserver.CurrentHoldRailsOverrideFragmentedCoreWithoutRemovingIndependentNotes
[       OK ] GameObserver.CurrentHoldRailsOverrideFragmentedCoreWithoutRemovingIndependentNotes (538 ms)
[ RUN      ] GameObserver.HoldRailAnchorSurvivesOneMissingRailButRequiresCurrentPairToRecover
[       OK ] GameObserver.HoldRailAnchorSurvivesOneMissingRailButRequiresCurrentPairToRecover (193 ms)
[ RUN      ] GameObserver.HeldTiltedBodyPreservesAnIndependentThinTapInsideItsRails
[       OK ] GameObserver.HeldTiltedBodyPreservesAnIndependentThinTapInsideItsRails (263 ms)
[ RUN      ] GameObserver.RecentHeldRegionRejectsEnclosedSideFragmentsWithoutRefreshingMissingRails
[       OK ] GameObserver.RecentHeldRegionRejectsEnclosedSideFragmentsWithoutRefreshingMissingRails (126 ms)
[ RUN      ] GameObserver.ApproachingHoldKeepsWholeGeometryWhenDecorativeLineSplitsItsCore
[       OK ] GameObserver.ApproachingHoldKeepsWholeGeometryWhenDecorativeLineSplitsItsCore (200 ms)
[ RUN      ] GameObserver.ApproachingConnectedHoldWithInteriorHitTintKeepsOneIdentity
[       OK ] GameObserver.ApproachingConnectedHoldWithInteriorHitTintKeepsOneIdentity (1375 ms)
[ RUN      ] GameObserver.ApproachingHoldWithEnclosedHitPatchKeepsOneIdentityAcrossSparseFrames
[       OK ] GameObserver.ApproachingHoldWithEnclosedHitPatchKeepsOneIdentityAcrossSparseFrames (364 ms)
[ RUN      ] GameObserver.InteriorHoldDescriptionDedupPreservesThinTapAndAdjacentHold
[       OK ] GameObserver.InteriorHoldDescriptionDedupPreservesThinTapAndAdjacentHold (519 ms)
[ RUN      ] GameObserver.InteriorHoldDescriptionNeedsBothCurrentSideBandsAndRecentFront
[       OK ] GameObserver.InteriorHoldDescriptionNeedsBothCurrentSideBandsAndRecentFront (1225 ms)
[ RUN      ] GameObserver.ClippedTopHoldKeepsCurrentRailsAndContactAcrossTheHeightLimit
[       OK ] GameObserver.ClippedTopHoldKeepsCurrentRailsAndContactAcrossTheHeightLimit (714 ms)
[ RUN      ] GameObserver.ClippedTopHoldCanValidateCurrentLeadingEdgeWithoutPriorAnchor
[       OK ] GameObserver.ClippedTopHoldCanValidateCurrentLeadingEdgeWithoutPriorAnchor (193 ms)
[ RUN      ] GameObserver.RecentHeldRailsRemainVisibleThroughWarmHitTint
[       OK ] GameObserver.RecentHeldRailsRemainVisibleThroughWarmHitTint (762 ms)
[ RUN      ] GameObserver.ColorIndependentHeldOutlineRequiresFreshAnchorAndBothCurrentRails
[       OK ] GameObserver.ColorIndependentHeldOutlineRequiresFreshAnchorAndBothCurrentRails (2147 ms)
[ RUN      ] GameObserver.WarmTintUsesCurrentNeutralRailPairWhenCoreWidthWasBiased
[       OK ] GameObserver.WarmTintUsesCurrentNeutralRailPairWhenCoreWidthWasBiased (1533 ms)
[ RUN      ] GameObserver.WarmSectionCannotUseEmptyOrMismatchedWhitePair
[       OK ] GameObserver.WarmSectionCannotUseEmptyOrMismatchedWhitePair (1995 ms)
[ RUN      ] GameObserver.ClippedBlueColumnWithoutBothRailsCannotBecomeANewHold
[       OK ] GameObserver.ClippedBlueColumnWithoutBothRailsCannotBecomeANewHold (100 ms)
[ RUN      ] GameObserver.CurrentRailsReconstructSplitGradientBodyWithoutAnEarlierWholeCore
[       OK ] GameObserver.CurrentRailsReconstructSplitGradientBodyWithoutAnEarlierWholeCore (264 ms)
[ RUN      ] GameObserver.ShortWideCurrentRailsNeedDepthAndCannotJoinAdjacentBodiesOrEmptyBorders
[       OK ] GameObserver.ShortWideCurrentRailsNeedDepthAndCannotJoinAdjacentBodiesOrEmptyBorders (63 ms)
[ RUN      ] GameObserver.CurrentHoldReconstructionRejectsLongRailGapDespiteBodyFill
[       OK ] GameObserver.CurrentHoldReconstructionRejectsLongRailGapDespiteBodyFill (26 ms)
[ RUN      ] GameObserver.HoldRailsCannotExpandToDecorationWithFillMissingOnOneSide
[       OK ] GameObserver.HoldRailsCannotExpandToDecorationWithFillMissingOnOneSide (39 ms)
[ RUN      ] GameObserver.ShrinkingHoldKeepsHeadIdentityButThinNewTapCannotInheritIt
[       OK ] GameObserver.ShrinkingHoldKeepsHeadIdentityButThinNewTapCannotInheritIt (224 ms)
[ RUN      ] GameObserver.SmallHitParticlesAndYellowRingsCannotBecomeNoteTargets
[       OK ] GameObserver.SmallHitParticlesAndYellowRingsCannotBecomeNoteTargets (26 ms)
[ RUN      ] GameObserver.ShortWideHoldUsesLineNormalAndStationaryHeadStillHasHitRegion
[       OK ] GameObserver.ShortWideHoldUsesLineNormalAndStationaryHeadStillHasHitRegion (117 ms)
[ RUN      ] GameObserver.SplitFlickRequiresCentralArrowAndHighlightCannotBecomeDrag
[       OK ] GameObserver.SplitFlickRequiresCentralArrowAndHighlightCannotBecomeDrag (21 ms)
[ RUN      ] GameObserver.TallSimultaneousHighlightKeepsOnlyTheCoreAndIndependentDrag
[       OK ] GameObserver.TallSimultaneousHighlightKeepsOnlyTheCoreAndIndependentDrag (149 ms)
[ RUN      ] GameObserver.ShortCaptureBurstCannotPredictAnImminentCrossingFromFarNotes
[       OK ] GameObserver.ShortCaptureBurstCannotPredictAnImminentCrossingFromFarNotes (243 ms)
[ RUN      ] GameObserver.ContinuousFastFramesKeepEnoughTemporalHistoryToPredict
[       OK ] GameObserver.ContinuousFastFramesKeepEnoughTemporalHistoryToPredict (594 ms)
[ RUN      ] GameObserver.TimingUncertaintySeparatesFastCaptureJitterFromSlowAmbiguousMotion
[       OK ] GameObserver.TimingUncertaintySeparatesFastCaptureJitterFromSlowAmbiguousMotion (277 ms)
[ RUN      ] GameObserver.CurrentPointMismatchAndLargeGeometryJumpsRemainRejectedAtHighSpeed
[       OK ] GameObserver.CurrentPointMismatchAndLargeGeometryJumpsRemainRejectedAtHighSpeed (137 ms)
[ RUN      ] GameObserver.FitResidualDoesNotDisplaceTheHitPointFromTheObservedLine
[       OK ] GameObserver.FitResidualDoesNotDisplaceTheHitPointFromTheObservedLine (147 ms)
[ RUN      ] GameObserver.SlantedLineSurvivesIntersectionAndMatchesNoteOrientation
[       OK ] GameObserver.SlantedLineSurvivesIntersectionAndMatchesNoteOrientation (238 ms)
[ RUN      ] GameObserver.OneCurrentRailPairCannotMultiplyHeldIdentitiesThroughCoreFragments
[       OK ] GameObserver.OneCurrentRailPairCannotMultiplyHeldIdentitiesThroughCoreFragments (1690 ms)
[ RUN      ] GameObserver.CurrentAttachedGrayRailsRetainFrontClippedBeforeOnlineClassification
[       OK ] GameObserver.CurrentAttachedGrayRailsRetainFrontClippedBeforeOnlineClassification (409 ms)
[ RUN      ] GameObserver.GrayHeldFrontCanMoveAwayFromTheLineWithTheSameFingerAndCurrentHit
[       OK ] GameObserver.GrayHeldFrontCanMoveAwayFromTheLineWithTheSameFingerAndCurrentHit (900 ms)
[ RUN      ] GameObserver.HeldBodyKeepsItsFingerThroughAFrontOcclusionAndRecoversCurrentFront
[       OK ] GameObserver.HeldBodyKeepsItsFingerThroughAFrontOcclusionAndRecoversCurrentFront (624 ms)
[ RUN      ] GameObserver.RotatingCurrentLineRetainsIdentityAndFreshLocalHitGeometry
[       OK ] GameObserver.RotatingCurrentLineRetainsIdentityAndFreshLocalHitGeometry (204 ms)
[ RUN      ] GameObserver.InterruptedThinBandIsOneLineButSeparatedBandsRemainDistinct
[       OK ] GameObserver.InterruptedThinBandIsOneLineButSeparatedBandsRemainDistinct (43 ms)
[ RUN      ] GameObserver.TiltedMovingDragUsesLocalCoreAndOneCurrentContact
[       OK ] GameObserver.TiltedMovingDragUsesLocalCoreAndOneCurrentContact (234 ms)
[ RUN      ] GameObserver.PerpendicularColoredRibbonsKeepTheirOwnGeometryAndKind
[       OK ] GameObserver.PerpendicularColoredRibbonsKeepTheirOwnGeometryAndKind (379 ms)
[----------] 56 tests from GameObserver (26851 ms total)

[----------] 10 tests from GameDiagnostics
[ RUN      ] GameDiagnostics.CurrentCentralDigitShapesExcludeComboLabelRailsAndProgress
[       OK ] GameDiagnostics.CurrentCentralDigitShapesExcludeComboLabelRailsAndProgress (48 ms)
[ RUN      ] GameDiagnostics.ComboDisappearanceRequiresFreshSustainedAbsenceAndRearms
[       OK ] GameDiagnostics.ComboDisappearanceRequiresFreshSustainedAbsenceAndRearms (0 ms)
[ RUN      ] GameDiagnostics.DecorativeRailConnectedToDigitDoesNotReportDisappearance
[       OK ] GameDiagnostics.DecorativeRailConnectedToDigitDoesNotReportDisappearance (180 ms)
[ RUN      ] GameDiagnostics.ThinHorizontalRibbonJoiningDigitsKeepsVisibleTallInk
[       OK ] GameDiagnostics.ThinHorizontalRibbonJoiningDigitsKeepsVisibleTallInk (45 ms)
[ RUN      ] GameDiagnostics.ComboDiagnosticRejectsReplayUiLossLongGapAndGeometryChange
[       OK ] GameDiagnostics.ComboDiagnosticRejectsReplayUiLossLongGapAndGeometryChange (0 ms)
[ RUN      ] GameDiagnostics.LongHoldDisappearanceRetainsOnlyItsPriorCoordinateEvidence
[       OK ] GameDiagnostics.LongHoldDisappearanceRetainsOnlyItsPriorCoordinateEvidence (0 ms)
[ RUN      ] GameDiagnostics.HoldDiagnosticKeepsVisibleNewIdentityButRejectsNarrowFragments
[       OK ] GameDiagnostics.HoldDiagnosticKeepsVisibleNewIdentityButRejectsNarrowFragments (0 ms)
[ RUN      ] GameDiagnostics.HoldDiagnosticSkipsEndingBodyAndFrameDiscontinuities
[       OK ] GameDiagnostics.HoldDiagnosticSkipsEndingBodyAndFrameDiscontinuities (0 ms)
[ RUN      ] GameDiagnostics.ApproachingBodyCannotConsumeTheHeldDisappearanceWindow
[       OK ] GameDiagnostics.ApproachingBodyCannotConsumeTheHeldDisappearanceWindow (0 ms)
[ RUN      ] GameDiagnostics.CurrentHeldBodyMovingAwayFromTheLineCanReportItsDisappearance
[       OK ] GameDiagnostics.CurrentHeldBodyMovingAwayFromTheLineCanReportItsDisappearance (0 ms)
[----------] 10 tests from GameDiagnostics (277 ms total)

[----------] 51 tests from GameOwner
[ RUN      ] GameOwner.NewTimingUncertaintyCancelsPendingDownAndFreshEvidenceCanRetryExactlyOnce
[       OK ] GameOwner.NewTimingUncertaintyCancelsPendingDownAndFreshEvidenceCanRetryExactlyOnce (0 ms)
[ RUN      ] GameOwner.FreshPredictionRefinesPendingDeadlineButCannotReplayActiveDown
[       OK ] GameOwner.FreshPredictionRefinesPendingDeadlineButCannotReplayActiveDown (0 ms)
[ RUN      ] GameOwner.ContradictedPendingPredictionCannotInjectButFreshPredictionCanRetry
[       OK ] GameOwner.ContradictedPendingPredictionCannotInjectButFreshPredictionCanRetry (3 ms)
[ RUN      ] GameOwner.ContradictionAfterDownCannotReplayOrCancelTheActiveDragWindow
[       OK ] GameOwner.ContradictionAfterDownCannotReplayOrCancelTheActiveDragWindow (0 ms)
[ RUN      ] GameOwner.HoldRefreshStaysBoundedThenMissingEvidenceReleasesContact
[       OK ] GameOwner.HoldRefreshStaysBoundedThenMissingEvidenceReleasesContact (1 ms)
[ RUN      ] GameOwner.FiveHoldsKeepIndependentContactsUntilCurrentTailsActuallyPass
[       OK ] GameOwner.FiveHoldsKeepIndependentContactsUntilCurrentTailsActuallyPass (2 ms)
[ RUN      ] GameOwner.SixthSimultaneousContactIsRejectedWithoutStealingFiveActiveFingers
[       OK ] GameOwner.SixthSimultaneousContactIsRejectedWithoutStealingFiveActiveFingers (0 ms)
[ RUN      ] GameOwner.RotatingHeldBodyAndColocatedTapKeepSeparateContacts
[       OK ] GameOwner.RotatingHeldBodyAndColocatedTapKeepSeparateContacts (0 ms)
[ RUN      ] GameOwner.TailPredictionWithoutCurrentVisibleTailDoesNotEndHoldOrExtendExpiry
[       OK ] GameOwner.TailPredictionWithoutCurrentVisibleTailDoesNotEndHoldOrExtendExpiry (0 ms)
[ RUN      ] GameOwner.MovingNearLineDragKeepsOneFingerWithoutRepeatedCrossingFits
[       OK ] GameOwner.MovingNearLineDragKeepsOneFingerWithoutRepeatedCrossingFits (0 ms)
[ RUN      ] GameOwner.CurrentOuterBodyReassociatesHoldButCannotReviveCompletedFinger
[       OK ] GameOwner.CurrentOuterBodyReassociatesHoldButCannotReviveCompletedFinger (0 ms)
[ RUN      ] GameOwner.PreviouslySeenUnsubmittedHoldDescriptionCanRetainStartedContact
[       OK ] GameOwner.PreviouslySeenUnsubmittedHoldDescriptionCanRetainStartedContact (0 ms)
[ RUN      ] GameOwner.AliasesNeedCurrentSupportAndCannotOverrideOriginalOrReviveExpiredOwner
[       OK ] GameOwner.AliasesNeedCurrentSupportAndCannotOverrideOriginalOrReviveExpiredOwner (0 ms)
[ RUN      ] GameOwner.MovingHoldRejectsColorFragmentProjectionAndKeepsTheOriginalMissingGrace
[       OK ] GameOwner.MovingHoldRejectsColorFragmentProjectionAndKeepsTheOriginalMissingGrace (0 ms)
[ RUN      ] GameOwner.SameHoldCanRecoverItsFrontFromAnInteriorPatchWithoutChangingContact
[       OK ] GameOwner.SameHoldCanRecoverItsFrontFromAnInteriorPatchWithoutChangingContact (1 ms)
[ RUN      ] GameOwner.HeldBodySupportCannotCreateANewDownEvenWithAFittedCrossing
[       OK ] GameOwner.HeldBodySupportCannotCreateANewDownEvenWithAFittedCrossing (0 ms)
[ RUN      ] GameOwner.PendingHoldDeadlineRevisionsRenewFromCurrentCaptureBeforeTheNextFrameGap
[       OK ] GameOwner.PendingHoldDeadlineRevisionsRenewFromCurrentCaptureBeforeTheNextFrameGap (0 ms)
[ RUN      ] GameOwner.FreshYellowRegionsBridgeSuccessiveIdsWithoutRepeatingDown
[       OK ] GameOwner.FreshYellowRegionsBridgeSuccessiveIdsWithoutRepeatingDown (1 ms)
[ RUN      ] GameOwner.YellowRegionSharingRejectsAcrossLineAndAmbiguousActiveCoverage
[       OK ] GameOwner.YellowRegionSharingRejectsAcrossLineAndAmbiguousActiveCoverage (0 ms)
[ RUN      ] GameOwner.LongHoldBridgesFreshSparseFramesButStopsAtActualEvidenceExpiry
[       OK ] GameOwner.LongHoldBridgesFreshSparseFramesButStopsAtActualEvidenceExpiry (0 ms)
[ RUN      ] GameOwner.TypeGateAndFlickUseIndependentDownMoveUpSequence
[       OK ] GameOwner.TypeGateAndFlickUseIndependentDownMoveUpSequence (0 ms)
[ RUN      ] GameOwner.FlickNearLowerBoundaryKeepsFourFiniteMovesInsideScreen
[       OK ] GameOwner.FlickNearLowerBoundaryKeepsFourFiniteMovesInsideScreen (0 ms)
[ RUN      ] GameOwner.PendingFlickRevisionRebuildsFullPathFromCurrentHit
[       OK ] GameOwner.PendingFlickRevisionRebuildsFullPathFromCurrentHit (0 ms)
[ RUN      ] GameOwner.OutOfOrderNotesGetSubmissionIdsAndFullSnapshotCancelsMissing
[       OK ] GameOwner.OutOfOrderNotesGetSubmissionIdsAndFullSnapshotCancelsMissing (0 ms)
[ RUN      ] GameOwner.SingleMissingDragFrameCancelsFutureDownAndFreshReturnCanReplan
[       OK ] GameOwner.SingleMissingDragFrameCancelsFutureDownAndFreshReturnCanReplan (0 ms)
[ RUN      ] GameOwner.MissingPendingTapAndDragRetryWithCurrentEvidenceExactlyOnce
[       OK ] GameOwner.MissingPendingTapAndDragRetryWithCurrentEvidenceExactlyOnce (0 ms)
[ RUN      ] GameOwner.InvalidPendingGeometryCanRetryOnlyFromFreshValidPrediction
[       OK ] GameOwner.InvalidPendingGeometryCanRetryOnlyFromFreshValidPrediction (1 ms)
[ RUN      ] GameOwner.MissingAfterStartedOrCompletedDownCannotRetryReturnedPixels
[       OK ] GameOwner.MissingAfterStartedOrCompletedDownCannotRetryReturnedPixels (0 ms)
[ RUN      ] GameOwner.DragCoverageSurvivesLateCrossingWithoutReplayingDown
[       OK ] GameOwner.DragCoverageSurvivesLateCrossingWithoutReplayingDown (0 ms)
[ RUN      ] GameOwner.DenseColocatedDragsShareOneActiveContactAndKeepTapIndependent
[       OK ] GameOwner.DenseColocatedDragsShareOneActiveContactAndKeepTapIndependent (0 ms)
[ RUN      ] GameOwner.ADisappearingDragMemberCannotReleaseTheStillObservedGroup
[       OK ] GameOwner.ADisappearingDragMemberCannotReleaseTheStillObservedGroup (0 ms)
[ RUN      ] GameOwner.DifferentDragPositionsKeepIndependentContactsAndGateLossReleasesTheGroup
[       OK ] GameOwner.DifferentDragPositionsKeepIndependentContactsAndGateLossReleasesTheGroup (0 ms)
[ RUN      ] GameOwner.BoundedLatePredictionRecoversNowButOldEvidenceAndExecutedDownCannotReplay
[       OK ] GameOwner.BoundedLatePredictionRecoversNowButOldEvidenceAndExecutedDownCannotReplay (0 ms)
[ RUN      ] GameOwner.LateGeometrySnapshotCannotCancelCurrentPendingIntent
[       OK ] GameOwner.LateGeometrySnapshotCannotCancelCurrentPendingIntent (0 ms)
[ RUN      ] GameOwner.CurrentDragOverlapStartsWithoutInventingARootAndTracksMovingLine
[       OK ] GameOwner.CurrentDragOverlapStartsWithoutInventingARootAndTracksMovingLine (0 ms)
[ RUN      ] GameOwner.DragOverlapRejectsMissingStaleAmbiguousAndNonCoreGeometry
[       OK ] GameOwner.DragOverlapRejectsMissingStaleAmbiguousAndNonCoreGeometry (0 ms)
[ RUN      ] GameOwner.PendingDragPredictionCanBecomeACurrentSpatialContactExactlyOnce
[       OK ] GameOwner.PendingDragPredictionCanBecomeACurrentSpatialContactExactlyOnce (0 ms)
[ RUN      ] GameOwner.ConsecutiveSpatialDragCoresShareTheStartedFingerWithoutAnyCrossing
[       OK ] GameOwner.ConsecutiveSpatialDragCoresShareTheStartedFingerWithoutAnyCrossing (0 ms)
[ RUN      ] GameOwner.RotatingCurrentHoldKeepsItsFingerAndMovesOnlyWithCurrentBody
[       OK ] GameOwner.RotatingCurrentHoldKeepsItsFingerAndMovesOnlyWithCurrentBody (0 ms)
[ RUN      ] GameOwner.UnsupportedHoldProjectionCannotMoveTheStartedFinger
[       OK ] GameOwner.UnsupportedHoldProjectionCannotMoveTheStartedFinger (0 ms)
[ RUN      ] GameOwner.PreviouslyTrackedTapCanUseNewCurrentLineAtVisibleOverlap
[       OK ] GameOwner.PreviouslyTrackedTapCanUseNewCurrentLineAtVisibleOverlap (0 ms)
[ RUN      ] GameOwner.CurrentNoteKeepsConfirmedMovingLineThroughShortOcclusion
[       OK ] GameOwner.CurrentNoteKeepsConfirmedMovingLineThroughShortOcclusion (0 ms)
[ RUN      ] GameOwner.DiscontinuousPixelsCancelOnlyAnUnexecutedDown
[       OK ] GameOwner.DiscontinuousPixelsCancelOnlyAnUnexecutedDown (0 ms)
[ RUN      ] GameOwner.RotatedTailNeedsTwoCurrentSamplesOnItsOwnLine
[       OK ] GameOwner.RotatedTailNeedsTwoCurrentSamplesOnItsOwnLine (0 ms)
[ RUN      ] GameOwner.CurrentTapOverlapRejectsCompetingStaleInvalidAndUnsupportedEvidence
[       OK ] GameOwner.CurrentTapOverlapRejectsCompetingStaleInvalidAndUnsupportedEvidence (0 ms)
[ RUN      ] GameOwner.CurrentTapOverlapCompletesOnceAndCannotReplayAfterReturn
[       OK ] GameOwner.CurrentTapOverlapCompletesOnceAndCannotReplayAfterReturn (0 ms)
[ RUN      ] GameOwner.CurrentTapOverlapUnknownDownIsNotRetried
[       OK ] GameOwner.CurrentTapOverlapUnknownDownIsNotRetried (0 ms)
[ RUN      ] GameOwner.PerpendicularCurrentTapOverlapRequiresItsActualCore
[       OK ] GameOwner.PerpendicularCurrentTapOverlapRequiresItsActualCore (0 ms)
[ RUN      ] GameOwner.PerpendicularCurrentDragOverlapNeedsCurrentCoreAndReleasesOnce
[       OK ] GameOwner.PerpendicularCurrentDragOverlapNeedsCurrentCoreAndReleasesOnce (0 ms)
[ RUN      ] GameOwner.RotatingSupportedHoldKeepsTheSameContactButFragmentsCannotMoveIt
[       OK ] GameOwner.RotatingSupportedHoldKeepsTheSameContactButFragmentsCannotMoveIt (0 ms)
[ RUN      ] GameOwner.UnrelatedOrStaleLineCannotConfirmTheCurrentHoldTail
[       OK ] GameOwner.UnrelatedOrStaleLineCannotConfirmTheCurrentHoldTail (0 ms)
[----------] 51 tests from GameOwner (33 ms total)

[----------] 5 tests from GameScheduler
[ RUN      ] GameScheduler.ActivePrefixCompactionKeepsLastExecutedStepAndCannotDropFuture
[       OK ] GameScheduler.ActivePrefixCompactionKeepsLastExecutedStepAndCannotDropFuture (0 ms)
[ RUN      ] GameScheduler.FuturePlansDoNotReserveContacts
[       OK ] GameScheduler.FuturePlansDoNotReserveContacts (0 ms)
[ RUN      ] GameScheduler.ActiveRevisionPreservesMovesAndRejectsChangedExecutedPrefix
[       OK ] GameScheduler.ActiveRevisionPreservesMovesAndRejectsChangedExecutedPrefix (0 ms)
[ RUN      ] GameScheduler.TargetExpiryReleasesOnlyThatContactAndFreshGateKeepsOther
[       OK ] GameScheduler.TargetExpiryReleasesOnlyThatContactAndFreshGateKeepsOther (0 ms)
[ RUN      ] GameScheduler.ContextAndDispatchGuardRevokePendingAndActive
[       OK ] GameScheduler.ContextAndDispatchGuardRevokePendingAndActive (0 ms)
[----------] 5 tests from GameScheduler (0 ms total)

[----------] 21 tests from GameMotion
[ RUN      ] GameMotion.CurrentGrayOutlineTracksTranslationButRejectsSingleRailAndMissingClosure
[       OK ] GameMotion.CurrentGrayOutlineTracksTranslationButRejectsSingleRailAndMissingClosure (9 ms)
[ RUN      ] GameMotion.IndependentLinesKeepIdentityAcrossReorderingMotionAndTangentSign
[       OK ] GameMotion.IndependentLinesKeepIdentityAcrossReorderingMotionAndTangentSign (0 ms)
[ RUN      ] GameMotion.BurstFramesCannotAmplifyLineNoiseOrReplaceCurrentGeometry
[       OK ] GameMotion.BurstFramesCannotAmplifyLineNoiseOrReplaceCurrentGeometry (0 ms)
[ RUN      ] GameMotion.RotatingLineEquationsIgnoreAlongLineCropCenterDrift
[       OK ] GameMotion.RotatingLineEquationsIgnoreAlongLineCropCenterDrift (1 ms)
[ RUN      ] GameMotion.FittedRotationAssociatesAfterGapWithoutInventingAMissingLine
[       OK ] GameMotion.FittedRotationAssociatesAfterGapWithoutInventingAMissingLine (0 ms)
[ RUN      ] GameMotion.NonlinearLinePoseRejectsVelocityAndDuplicateLinesRemainAmbiguous
[       OK ] GameMotion.NonlinearLinePoseRejectsVelocityAndDuplicateLinesRemainAmbiguous (0 ms)
[ RUN      ] GameMotion.DistributedTiltedRidgeRejectsWideFillShortBarsAndMissingSupport
[       OK ] GameMotion.DistributedTiltedRidgeRejectsWideFillShortBarsAndMissingSupport (13 ms)
[ RUN      ] GameMotion.TiltedLineExtentUsesMeasuredFragmentsAndRejectsLargeUnsupportedGaps
[       OK ] GameMotion.TiltedLineExtentUsesMeasuredFragmentsAndRejectsLargeUnsupportedGaps (12 ms)
[ RUN      ] GameMotion.ApproachingAnchorNeedsCurrentRailsAttachedToTheLine
[       OK ] GameMotion.ApproachingAnchorNeedsCurrentRailsAttachedToTheLine (4 ms)
[ RUN      ] GameMotion.ShortTerminalOutlineKeepsCurrentTailAndRejectsInternalClosingFlash
[       OK ] GameMotion.ShortTerminalOutlineKeepsCurrentTailAndRejectsInternalClosingFlash (13 ms)
[ RUN      ] GameMotion.MovingHeldFrontNeedsPairedCurrentTerminationAndCannotInferFromHistory
[       OK ] GameMotion.MovingHeldFrontNeedsPairedCurrentTerminationAndCannotInferFromHistory (98 ms)
[ RUN      ] GameMotion.MovingFrontCannotSnapToAnEffectBoxWithoutCurrentBodyInterior
[       OK ] GameMotion.MovingFrontCannotSnapToAnEffectBoxWithoutCurrentBodyInterior (68 ms)
[ RUN      ] GameMotion.OccludedFrontCanUseOnlyAVisiblePairedBodyInterior
[       OK ] GameMotion.OccludedFrontCanUseOnlyAVisiblePairedBodyInterior (51 ms)
[ RUN      ] GameMotion.ContestedDuplicateDoesNotCreateARecurringLineage
[       OK ] GameMotion.ContestedDuplicateDoesNotCreateARecurringLineage (1 ms)
[ RUN      ] GameMotion.CloseRealLinesStayDistinctAndExpiryDoesNotBridgeNinetyMilliseconds
[       OK ] GameMotion.CloseRealLinesStayDistinctAndExpiryDoesNotBridgeNinetyMilliseconds (0 ms)
[ RUN      ] GameMotion.PersistentNearNewLineIsBornAfterBoundedEvidenceButFarNewLineImmediately
[       OK ] GameMotion.PersistentNearNewLineIsBornAfterBoundedEvidenceButFarNewLineImmediately (0 ms)
[ RUN      ] GameMotion.RotatedCurrentHoldRailsCanContinueAnOlderAnchor
[       OK ] GameMotion.RotatedCurrentHoldRailsCanContinueAnOlderAnchor (3 ms)
[ RUN      ] GameMotion.SixteenLinesRemainBoundedAndContextGapStartsNewLineage
[       OK ] GameMotion.SixteenLinesRemainBoundedAndContextGapStartsNewLineage (9 ms)
[ RUN      ] GameMotion.ContestedObservationCannotSeedRecurringDuplicateTracks
[       OK ] GameMotion.ContestedObservationCannotSeedRecurringDuplicateTracks (1 ms)
[ RUN      ] GameMotion.ConvergedLineAmbiguityExpiresWithoutInventingIdentity
[       OK ] GameMotion.ConvergedLineAmbiguityExpiresWithoutInventingIdentity (1 ms)
[ RUN      ] GameMotion.RotatedCurrentHoldRailsRequireBothCurrentlyVisibleSides
[       OK ] GameMotion.RotatedCurrentHoldRailsRequireBothCurrentlyVisibleSides (8 ms)
[----------] 21 tests from GameMotion (302 ms total)

[----------] 2 tests from GameRuntime
[ RUN      ] GameRuntime.ActualCaptureOptionsUseEffectiveProfileGuard
[       OK ] GameRuntime.ActualCaptureOptionsUseEffectiveProfileGuard (0 ms)
[ RUN      ] GameRuntime.HistoricalFingerprintRejectsMappingDeviceAndUnverifiedReports
[       OK ] GameRuntime.HistoricalFingerprintRejectsMappingDeviceAndUnverifiedReports (2 ms)
[----------] 2 tests from GameRuntime (2 ms total)

[----------] 2 tests from AutoPlay
[ RUN      ] AutoPlay.PixelsConfirmSelectionAndOneAttemptNeverBecomesGameplayInput
[       OK ] AutoPlay.PixelsConfirmSelectionAndOneAttemptNeverBecomesGameplayInput (89 ms)
[ RUN      ] AutoPlay.UnknownStaleOutOfFrameAndContradictoryScenesCannotStart
[       OK ] AutoPlay.UnknownStaleOutOfFrameAndContradictoryScenesCannotStart (0 ms)
[----------] 2 tests from AutoPlay (89 ms total)

[----------] 39 tests from GameTracking
[ RUN      ] GameTracking.DistantAppearanceAngleCannotStealEstablishedLineRelation
[       OK ] GameTracking.DistantAppearanceAngleCannotStealEstablishedLineRelation (0 ms)
[ RUN      ] GameTracking.CrossingLineDoesNotStealAnApproachingConfirmedNote
[       OK ] GameTracking.CrossingLineDoesNotStealAnApproachingConfirmedNote (0 ms)
[ RUN      ] GameTracking.RecedingConfirmedLineDoesNotOverrideCurrentCrossing
[       OK ] GameTracking.RecedingConfirmedLineDoesNotOverrideCurrentCrossing (0 ms)
[ RUN      ] GameTracking.RelativeApproachSeparatesEquidistantUnrelatedLines
[       OK ] GameTracking.RelativeApproachSeparatesEquidistantUnrelatedLines (0 ms)
[ RUN      ] GameTracking.OccupiedAlternativeIsNotAnIdentityAmbiguityWithoutFeasibleSwap
[       OK ] GameTracking.OccupiedAlternativeIsNotAnIdentityAmbiguityWithoutFeasibleSwap (0 ms)
[ RUN      ] GameTracking.JumpAndReversalRequireFreshMeasuredSegments
[       OK ] GameTracking.JumpAndReversalRequireFreshMeasuredSegments (0 ms)
[ RUN      ] GameTracking.EquidistantLinesRemainCandidatesWithoutAGuessedDown
[       OK ] GameTracking.EquidistantLinesRemainCandidatesWithoutAGuessedDown (0 ms)
[ RUN      ] GameTracking.NearLineFirstAppearanceDoesNotInventTapTiming
[       OK ] GameTracking.NearLineFirstAppearanceDoesNotInventTapTiming (0 ms)
[ RUN      ] GameTracking.MissingLineProjectionRejectsReversalReplacementAndOldExtentExit
[       OK ] GameTracking.MissingLineProjectionRejectsReversalReplacementAndOldExtentExit (0 ms)
[ RUN      ] GameTracking.RotatingOriginalLineProjectsWithinItsMeasuredExtent
[       OK ] GameTracking.RotatingOriginalLineProjectsWithinItsMeasuredExtent (0 ms)
[ RUN      ] GameTracking.ConfirmedLineProjectionExpiresWithoutNewLinePixels
[       OK ] GameTracking.ConfirmedLineProjectionExpiresWithoutNewLinePixels (0 ms)
[ RUN      ] GameTracking.ExpiredOriginalLineLetsExplicitNextLineEarnFreshRelation
[       OK ] GameTracking.ExpiredOriginalLineLetsExplicitNextLineEarnFreshRelation (0 ms)
[ RUN      ] GameTracking.CurrentTapOverlapNeedsPriorApproachAndCannotUseFirstAppearance
[       OK ] GameTracking.CurrentTapOverlapNeedsPriorApproachAndCannotUseFirstAppearance (0 ms)
[ RUN      ] GameTracking.EmergingTapAtCrossedLinesRemainsWithoutImmediateActionBasis
[       OK ] GameTracking.EmergingTapAtCrossedLinesRemainsWithoutImmediateActionBasis (0 ms)
[ RUN      ] GameTracking.NormalMotionOutranksAnUnrelatedParallelDecoration
[       OK ] GameTracking.NormalMotionOutranksAnUnrelatedParallelDecoration (0 ms)
[ RUN      ] GameTracking.ConfirmedCurrentLineSurvivesLateNoteAlignmentAndBrighterFork
[       OK ] GameTracking.ConfirmedCurrentLineSurvivesLateNoteAlignmentAndBrighterFork (0 ms)
[ RUN      ] GameTracking.GenuineTwoLinesRetainIndependentPerpendicularNotes
[       OK ] GameTracking.GenuineTwoLinesRetainIndependentPerpendicularNotes (0 ms)
[ RUN      ] GameTracking.CompetingParallelLinesAndRecedingPerpendicularNotesDoNotGuessDown
[       OK ] GameTracking.CompetingParallelLinesAndRecedingPerpendicularNotesDoNotGuessDown (0 ms)
[ RUN      ] GameTracking.LineChasingAStationaryPerpendicularNoteUsesRelativeMotion
[       OK ] GameTracking.LineChasingAStationaryPerpendicularNoteUsesRelativeMotion (0 ms)
[ RUN      ] GameTracking.BaselinePixelSequenceAndSerializedBankAreEquivalent
[       OK ] GameTracking.BaselinePixelSequenceAndSerializedBankAreEquivalent (335 ms)
[ RUN      ] GameTracking.MovingHeldBodyEvidenceRoundTripsAndRequiresItsCurrentGeometry
[       OK ] GameTracking.MovingHeldBodyEvidenceRoundTripsAndRequiresItsCurrentGeometry (3 ms)
[ RUN      ] GameTracking.LinePoseFitRoundTripsAndRejectsUnboundedOrInvalidEvidence
[       OK ] GameTracking.LinePoseFitRoundTripsAndRejectsUnboundedOrInvalidEvidence (3 ms)
[ RUN      ] GameTracking.HeldBodyPatchHasNoHeadOrTailPredictionAndRoundTripsItsEvidence
[       OK ] GameTracking.HeldBodyPatchHasNoHeadOrTailPredictionAndRoundTripsItsEvidence (3 ms)
[ RUN      ] GameTracking.WeakNewCandidatesAndPredictionCannotCreateOrRefreshActions
[       OK ] GameTracking.WeakNewCandidatesAndPredictionCannotCreateOrRefreshActions (1 ms)
[ RUN      ] GameTracking.CurrentWeakRailsRequireBothSidesFreshAnchorAndVisibleHead
[       OK ] GameTracking.CurrentWeakRailsRequireBothSidesFreshAnchorAndVisibleHead (1 ms)
[ RUN      ] GameTracking.ActualDtAndBoundedReupdateNeverInsertSyntheticEvidence
[       OK ] GameTracking.ActualDtAndBoundedReupdateNeverInsertSyntheticEvidence (2 ms)
[ RUN      ] GameTracking.AdjacentHoldsAndThinOverlappingTapStayDistinct
[       OK ] GameTracking.AdjacentHoldsAndThinOverlappingTapStayDistinct (3 ms)
[ RUN      ] GameTracking.CompetingIdentityIsVisibleAndCannotBecomeNewBirth
[       OK ] GameTracking.CompetingIdentityIsVisibleAndCannotBecomeNewBirth (0 ms)
[ RUN      ] GameTracking.DuplicateNewCandidatesCannotBothCreateExecutionBirths
[       OK ] GameTracking.DuplicateNewCandidatesCannotBothCreateExecutionBirths (0 ms)
[ RUN      ] GameTracking.CapacityRevokeDoesNotForgetRetiredExecutionBirth
[       OK ] GameTracking.CapacityRevokeDoesNotForgetRetiredExecutionBirth (0 ms)
[ RUN      ] GameTracking.ShortenedHoldFrontContinuesButThinTapRemainsNew
[       OK ] GameTracking.ShortenedHoldFrontContinuesButThinTapRemainsNew (0 ms)
[ RUN      ] GameTracking.SixtyNinetyAndHundredMsUseActualSourceTime
[       OK ] GameTracking.SixtyNinetyAndHundredMsUseActualSourceTime (1 ms)
[ RUN      ] GameTracking.RetiredHoldBirthPersistsThrough441msAndRevisionIsMonotonic
[       OK ] GameTracking.RetiredHoldBirthPersistsThrough441msAndRevisionIsMonotonic (0 ms)
[ RUN      ] GameTracking.SourceInvalidAndReplayedTimeCannotArm
[       OK ] GameTracking.SourceInvalidAndReplayedTimeCannotArm (0 ms)
[ RUN      ] GameTracking.MissingOrPerpendicularLineCannotProvideActionEvidence
[       OK ] GameTracking.MissingOrPerpendicularLineCannotProvideActionEvidence (0 ms)
[ RUN      ] GameTracking.AssignmentIndicesAndCandidateGeometryAreRejected
[       OK ] GameTracking.AssignmentIndicesAndCandidateGeometryAreRejected (0 ms)
[ RUN      ] GameTracking.TrackAndRetirementCapacityHaveConservativeFailure
[       OK ] GameTracking.TrackAndRetirementCapacityHaveConservativeFailure (18 ms)
[ RUN      ] GameTracking.FakeOwnerMissingAndStopReleaseWithoutPredictedContinuation
[       OK ] GameTracking.FakeOwnerMissingAndStopReleaseWithoutPredictedContinuation (1 ms)
[ RUN      ] GameTracking.ShadowAndBankAreBoundedAndHaveNoBackend
[       OK ] GameTracking.ShadowAndBankAreBoundedAndHaveNoBackend (25 ms)
[----------] 39 tests from GameTracking (410 ms total)

[----------] Global test environment tear-down
[==========] 186 tests from 8 test suites ran. (27968 ms total)
[  PASSED  ] 186 tests.
TRACE native END exit=0
