2026-10-05T16:07:10Z
Linux 91ecebcfb8e5 6.18.44 #1 SMP Sat Sep 26 20:02:31 UTC 2026 x86_64 GNU/Linux
g++ (Debian 14.2.0-19) 14.2.0
9
timeout 150s g++ -std=c++20 -O2 -DNDEBUG -I /tmp/phigros-bvi-round2-deps -I /workspace/shared/phigros-zero-miss-research/research/bvi_cold_v2 -DBVI_HEADER=\"/workspace/shared/phigros-zero-miss-research/research/bvi_cold_v2/bvi.hpp\" /workspace/shared/phigros-zero-miss-research/research/bvi_cold_v2/bvi.cpp research/bvi_cold_v3/cost_probe.cpp -o /tmp/pas-v3-cost.rvSLhc/v2 
timeout 150s g++ -std=c++20 -O2 -DNDEBUG -I /tmp/phigros-bvi-round2-deps -I /workspace/shared/phigros-zero-miss-research/research/bvi_cold_v3 -DBVI_HEADER=\"/workspace/shared/phigros-zero-miss-research/research/bvi_cold_v3/bvi.hpp\" /workspace/shared/phigros-zero-miss-research/research/bvi_cold_v3/bvi.cpp /workspace/shared/phigros-zero-miss-research/research/bvi_cold_v3/contact_policy.cpp /workspace/shared/phigros-zero-miss-research/research/bvi_cold_v3/relation_policy.cpp /workspace/shared/phigros-zero-miss-research/research/bvi_cold_v3/constraint_policy.cpp research/bvi_cold_v3/cost_probe.cpp -o /tmp/pas-v3-cost.rvSLhc/v3 
research/bvi_cold_v3/bvi.cpp: OK
research/bvi_cold_v3/compare_legacy_results.cpp: OK
research/bvi_cold_v3/constraint_policy.cpp: OK
research/bvi_cold_v3/contact_policy.cpp: OK
research/bvi_cold_v3/contact_tests.cpp: OK
research/bvi_cold_v3/cost_probe.cpp: OK
research/bvi_cold_v3/independent_v3_tests.cpp: OK
research/bvi_cold_v3/line_ambiguity_tests.cpp: OK
research/bvi_cold_v3/relation_policy.cpp: OK
research/bvi_cold_v3/relation_tests.cpp: OK
research/bvi_cold_v3/bvi.hpp: OK
research/bvi_cold_v3/contact_policy.hpp: OK
research/bvi_cold_v3/relation_policy.hpp: OK
research/bvi_cold_v2/bvi.cpp: OK
research/bvi_cold_v2/bvi.hpp: OK
/tmp/phigros-bvi-round2-deps/nlohmann/json.hpp: OK
