-- Selecting Windows SDK version 10.0.26100.0 to target Windows 10.0.26200.
-- The CXX compiler identification is MSVC 19.51.36256.0
-- Detecting CXX compiler ABI info
-- Detecting CXX compiler ABI info - done
-- Check for working CXX compiler: C:/Program Files (x86)/Microsoft Visual Studio/18/BuildTools/VC/Tools/MSVC/14.51.36231/bin/Hostx64/x64/cl.exe - skipped
-- Detecting CXX compile features
-- Detecting CXX compile features - done
-- Found nlohmann_json: C:/Users/wurre/Desktop/Phigros-Auto-play-System/out/vcpkg_installed/x64-windows/share/nlohmann_json/nlohmann_jsonConfig.cmake (found version "3.12.0")
-- Performing Test CMAKE_HAVE_LIBC_PTHREAD
-- Performing Test CMAKE_HAVE_LIBC_PTHREAD - Failed
-- Looking for pthread_create in pthreads
-- Looking for pthread_create in pthreads - not found
-- Looking for pthread_create in pthread
-- Looking for pthread_create in pthread - not found
-- Found Threads: TRUE
-- Found Protobuf: C:/Users/wurre/Desktop/Phigros-Auto-play-System/out/vcpkg_installed/x64-windows/tools/protobuf/protoc.exe (found version "33.4.0")
-- Found ZLIB: optimized;C:/Users/wurre/Desktop/Phigros-Auto-play-System/out/vcpkg_installed/x64-windows/lib/z.lib;debug;C:/Users/wurre/Desktop/Phigros-Auto-play-System/out/vcpkg_installed/x64-windows/debug/lib/zd.lib (found version "1.3.2")
-- Found OpenSSL: optimized;C:/Users/wurre/Desktop/Phigros-Auto-play-System/out/vcpkg_installed/x64-windows/lib/libcrypto.lib;debug;C:/Users/wurre/Desktop/Phigros-Auto-play-System/out/vcpkg_installed/x64-windows/debug/lib/libcrypto.lib (found version "3.6.4")
-- Found c-ares: C:/Users/wurre/Desktop/Phigros-Auto-play-System/out/vcpkg_installed/x64-windows/share/c-ares/c-ares-config.cmake (found version "1.34.8")
-- Found RE2 via CMake.
-- Found FFMPEG: optimized;C:/Users/wurre/Desktop/Phigros-Auto-play-System/out/vcpkg_installed/x64-windows/lib/avcodec.lib;debug;C:/Users/wurre/Desktop/Phigros-Auto-play-System/out/vcpkg_installed/x64-windows/debug/lib/avcodec.lib;optimized;C:/Users/wurre/Desktop/Phigros-Auto-play-System/out/vcpkg_installed/x64-windows/lib/swscale.lib;debug;C:/Users/wurre/Desktop/Phigros-Auto-play-System/out/vcpkg_installed/x64-windows/debug/lib/swscale.lib;optimized;C:/Users/wurre/Desktop/Phigros-Auto-play-System/out/vcpkg_installed/x64-windows/lib/avutil.lib;debug;C:/Users/wurre/Desktop/Phigros-Auto-play-System/out/vcpkg_installed/x64-windows/debug/lib/avutil.lib
-- Configuring done (17.9s)
-- Generating done (1.2s)
-- Build files have been written to: C:/Users/wurre/Desktop/PAS-zero-miss-r4-20261006/out/win-r4-release-01
