2026-10-05T15:11:45Z
variant=candidate mode=release suite=contract attempt=cloud-bvi-cold-v2-20261005
g++ (Debian 14.2.0-19) 14.2.0
acb27fdb095b82253ef9388eab52948a59663d02
temporary_build=/tmp/phigros-bvi-cold-v2.27oyzd
/workspace/shared/phigros-zero-miss-research/research/x10d_o_bvi_build/bvi.cpp: OK
/workspace/shared/phigros-zero-miss-research/research/x10d_o_bvi_build/bvi.hpp: OK
/workspace/shared/phigros-zero-miss-research/research/x10d_o_bvi_build/driver.inc: OK
/workspace/shared/phigros-zero-miss-research/research/x10d_o_bvi_build/main.cpp: OK
/tmp/phigros-bvi-round2-deps/nlohmann/json.hpp: OK
/workspace/shared/phigros-evidence-round2/unpacked/measurements/game-assist/2026-09-30-m0-manual-continue/hold-ownership-x10d-o-bvi/normalized-execution.json: OK
/workspace/shared/phigros-evidence-round2/unpacked/measurements/game-assist/2026-09-30-m0-manual-continue/hold-ownership-x10d-o-bvi/oracle.json: OK
/workspace/shared/phigros-evidence-round2/unpacked/measurements/game-assist/2026-09-30-m0-manual-continue/hold-ownership-x10d-o-bvi-r1/typed-r1.json: OK
/workspace/shared/phigros-zero-miss-research/research/x10d_o_bvi/supplemental.json: OK
/workspace/shared/phigros-evidence-round2/unpacked/measurements/game-assist/2026-09-30-m0-manual-continue/hold-ownership-x10d-o-bvi-r1/r1-cases.json: OK
/workspace/shared/phigros-evidence-round2/unpacked/measurements/game-assist/2026-09-30-m0-manual-continue/hold-ownership-x10d-o-bvi-r1/expected-coverage.json: OK
patching file /tmp/phigros-bvi-cold-v2.27oyzd/main.cpp
COMPILE timeout 150s g++ -std=c++20 -O2 -Wall -Wextra -Wpedantic -I/tmp/phigros-bvi-cold-v2.27oyzd -I/tmp/phigros-bvi-round2-deps /tmp/phigros-bvi-cold-v2.27oyzd/bvi.cpp /tmp/phigros-bvi-cold-v2.27oyzd/contract.cpp -o /tmp/phigros-bvi-cold-v2.27oyzd/contract
RUN timeout 90s /tmp/phigros-bvi-cold-v2.27oyzd/contract /workspace/shared/phigros-zero-miss-research/docs/research/zero-miss-20261005/round2/BVI_FAILURE_SEMANTICS_CLASSIFICATION.json /workspace/shared/phigros-zero-miss-research/docs/research/zero-miss-20261005/round3/evidence/controller-contract-release/contract.json /workspace/shared/phigros-zero-miss-research/docs/research/zero-miss-20261005/round3/evidence/controller-contract-release/contract-change-map.json
contract_native_exit=0
/workspace/shared/phigros-evidence-round2/unpacked/measurements/game-assist/2026-09-30-m0-manual-continue/hold-ownership-x10d-o-bvi/normalized-execution.json: OK
/workspace/shared/phigros-evidence-round2/unpacked/measurements/game-assist/2026-09-30-m0-manual-continue/hold-ownership-x10d-o-bvi/oracle.json: OK
/workspace/shared/phigros-evidence-round2/unpacked/measurements/game-assist/2026-09-30-m0-manual-continue/hold-ownership-x10d-o-bvi-r1/typed-r1.json: OK
/workspace/shared/phigros-zero-miss-research/research/x10d_o_bvi/supplemental.json: OK
/workspace/shared/phigros-evidence-round2/unpacked/measurements/game-assist/2026-09-30-m0-manual-continue/hold-ownership-x10d-o-bvi-r1/r1-cases.json: OK
/workspace/shared/phigros-evidence-round2/unpacked/measurements/game-assist/2026-09-30-m0-manual-continue/hold-ownership-x10d-o-bvi-r1/expected-coverage.json: OK
/workspace/shared/phigros-zero-miss-research/research/bvi_cold_v2/bvi.cpp: OK
/workspace/shared/phigros-zero-miss-research/research/bvi_cold_v2/bvi.hpp: OK
aggregate_exit=0; original-contract failures remain failures, not a collector pass
2026-10-05T15:11:55Z
