TRACE Build entry [C:\WINDOWS\system32\cmd.exe /d /s /c C:\Users\wurre\Desktop\PAS-zero-miss-r4-20261006\out\windows-handoff\build-prelive-release-05-inputs\build.cmd]
TRACE vcvars END exit=0
[1/98] Scanning C:\Users\wurre\Desktop\PAS-zero-miss-r4-20261006\src\config.cpp for CXX dependencies
[2/98] Scanning C:\Users\wurre\Desktop\PAS-zero-miss-r4-20261006\src\journal.cpp for CXX dependencies
[3/98] Scanning C:\Users\wurre\Desktop\PAS-zero-miss-r4-20261006\src\touch_evidence.cpp for CXX dependencies
[4/98] Scanning C:\Users\wurre\Desktop\PAS-zero-miss-r4-20261006\src\analysis.cpp for CXX dependencies
[5/98] Scanning C:\Users\wurre\Desktop\PAS-zero-miss-r4-20261006\src\core.cpp for CXX dependencies
[6/98] Scanning C:\Users\wurre\Desktop\PAS-zero-miss-r4-20261006\src\adb.cpp for CXX dependencies
[7/98] Scanning C:\Users\wurre\Desktop\PAS-zero-miss-r4-20261006\src\preview.cpp for CXX dependencies
[8/98] Scanning C:\Users\wurre\Desktop\PAS-zero-miss-r4-20261006\src\game.cpp for CXX dependencies
[9/98] Scanning C:\Users\wurre\Desktop\PAS-zero-miss-r4-20261006\src\game_clip_replay.cpp for CXX dependencies
[10/98] Scanning C:\Users\wurre\Desktop\PAS-zero-miss-r4-20261006\src\game_cold_corpus.cpp for CXX dependencies
[11/98] Scanning C:\Users\wurre\Desktop\PAS-zero-miss-r4-20261006\src\game_motion.cpp for CXX dependencies
[12/98] Scanning C:\Users\wurre\Desktop\PAS-zero-miss-r4-20261006\src\game_tracking.cpp for CXX dependencies
[13/98] Scanning C:\Users\wurre\Desktop\PAS-zero-miss-r4-20261006\src\game_cold_pipeline.cpp for CXX dependencies
[14/98] Scanning C:\Users\wurre\Desktop\PAS-zero-miss-r4-20261006\src\game_tracking_methods.cpp for CXX dependencies
[15/98] Scanning C:\Users\wurre\Desktop\PAS-zero-miss-r4-20261006\src\game_tracking_shadow.cpp for CXX dependencies
[16/98] Scanning C:\Users\wurre\Desktop\PAS-zero-miss-r4-20261006\src\game_dataset_tools.cpp for CXX dependencies
[17/98] Scanning C:\Users\wurre\Desktop\PAS-zero-miss-r4-20261006\src\game_tracking_analysis.cpp for CXX dependencies
[18/98] Scanning C:\Users\wurre\Desktop\PAS-zero-miss-r4-20261006\src\game_session.cpp for CXX dependencies
[19/98] Scanning C:\Users\wurre\Desktop\PAS-zero-miss-r4-20261006\src\game_dataset.cpp for CXX dependencies
[20/98] Scanning C:\Users\wurre\Desktop\PAS-zero-miss-r4-20261006\src\session_archive.cpp for CXX dependencies
[21/98] Scanning C:\Users\wurre\Desktop\PAS-zero-miss-r4-20261006\src\session_pixel_clips.cpp for CXX dependencies
[22/98] Scanning C:\Users\wurre\Desktop\PAS-zero-miss-r4-20261006\research\bvi_cold_v3\bvi.cpp for CXX dependencies
[23/98] Scanning C:\Users\wurre\Desktop\PAS-zero-miss-r4-20261006\src\session_recording.cpp for CXX dependencies
[24/98] Scanning C:\Users\wurre\Desktop\PAS-zero-miss-r4-20261006\research\bvi_cold_v3\contact_policy.cpp for CXX dependencies
[25/98] Scanning C:\Users\wurre\Desktop\PAS-zero-miss-r4-20261006\research\bvi_cold_v3\constraint_policy.cpp for CXX dependencies
[26/98] Scanning C:\Users\wurre\Desktop\PAS-zero-miss-r4-20261006\research\bvi_cold_v3\relation_policy.cpp for CXX dependencies
[27/98] Generating CXX dyndep file CMakeFiles\exact_bvi_v3.dir\CXX.dd
[28/98] Generating CXX dyndep file CMakeFiles\formal_core.dir\CXX.dd
[29/98] Scanning C:\Users\wurre\Desktop\PAS-zero-miss-r4-20261006\research\hold_front_current\front.cpp for CXX dependencies
[30/98] Scanning C:\Users\wurre\Desktop\PAS-zero-miss-r4-20261006\research\prelive_current\own_bridge.cpp for CXX dependencies
[31/98] Building CXX object CMakeFiles\exact_bvi_v3.dir\C_\Users\wurre\Desktop\PAS-zero-miss-r4-20261006\research\bvi_cold_v3\bvi.cpp.obj
[32/98] Building CXX object CMakeFiles\formal_core.dir\C_\Users\wurre\Desktop\PAS-zero-miss-r4-20261006\src\core.cpp.obj
[33/98] Building CXX object CMakeFiles\formal_core.dir\C_\Users\wurre\Desktop\PAS-zero-miss-r4-20261006\src\config.cpp.obj
[34/98] Building CXX object CMakeFiles\formal_core.dir\C_\Users\wurre\Desktop\PAS-zero-miss-r4-20261006\src\adb.cpp.obj
[35/98] Building CXX object CMakeFiles\formal_core.dir\C_\Users\wurre\Desktop\PAS-zero-miss-r4-20261006\src\touch_evidence.cpp.obj
[36/98] Building CXX object CMakeFiles\formal_core.dir\C_\Users\wurre\Desktop\PAS-zero-miss-r4-20261006\src\journal.cpp.obj
[37/98] Building CXX object CMakeFiles\formal_core.dir\C_\Users\wurre\Desktop\PAS-zero-miss-r4-20261006\src\preview.cpp.obj
[38/98] Building CXX object CMakeFiles\formal_core.dir\C_\Users\wurre\Desktop\PAS-zero-miss-r4-20261006\src\analysis.cpp.obj
C:\Users\wurre\Desktop\PAS-zero-miss-r4-20261006\src\analysis.cpp(311): warning C4244: 'argument': conversion from '__int64' to 'double', possible loss of data
C:\Users\wurre\Desktop\PAS-zero-miss-r4-20261006\src\analysis.cpp(312): warning C4244: 'argument': conversion from 'int64_t' to 'double', possible loss of data
C:\Users\wurre\Desktop\PAS-zero-miss-r4-20261006\src\analysis.cpp(315): warning C4244: 'argument': conversion from 'int64_t' to 'double', possible loss of data
C:\Users\wurre\Desktop\PAS-zero-miss-r4-20261006\src\analysis.cpp(317): warning C4244: 'argument': conversion from 'int64_t' to 'double', possible loss of data
C:\Users\wurre\Desktop\PAS-zero-miss-r4-20261006\src\analysis.cpp(324): warning C4244: 'argument': conversion from 'int64_t' to 'double', possible loss of data
C:\Users\wurre\Desktop\PAS-zero-miss-r4-20261006\src\analysis.cpp(325): warning C4244: 'argument': conversion from 'int64_t' to 'double', possible loss of data
C:\Users\wurre\Desktop\PAS-zero-miss-r4-20261006\src\analysis.cpp(328): warning C4244: 'argument': conversion from 'int64_t' to 'double', possible loss of data
[39/98] Building CXX object CMakeFiles\formal_core.dir\C_\Users\wurre\Desktop\PAS-zero-miss-r4-20261006\src\game_clip_replay.cpp.obj
[40/98] Building CXX object CMakeFiles\formal_core.dir\C_\Users\wurre\Desktop\PAS-zero-miss-r4-20261006\src\game_cold_pipeline.cpp.obj
[41/98] Building CXX object CMakeFiles\formal_core.dir\C_\Users\wurre\Desktop\PAS-zero-miss-r4-20261006\src\game_cold_corpus.cpp.obj
C:\Users\wurre\Desktop\PAS-zero-miss-r4-20261006\src\game_cold_corpus.cpp(420): warning C4456: declaration of 'id' hides previous local declaration
C:\Users\wurre\Desktop\PAS-zero-miss-r4-20261006\src\game_cold_corpus.cpp(390): note: see declaration of 'id'
[42/98] Building CXX object CMakeFiles\formal_core.dir\C_\Users\wurre\Desktop\PAS-zero-miss-r4-20261006\src\game_motion.cpp.obj
C:\Users\wurre\Desktop\PAS-zero-miss-r4-20261006\src\game_motion.cpp(478): warning C4456: declaration of 'closure' hides previous local declaration
C:\Users\wurre\Desktop\PAS-zero-miss-r4-20261006\src\game_motion.cpp(382): note: see declaration of 'closure'
[43/98] Building CXX object CMakeFiles\formal_core.dir\C_\Users\wurre\Desktop\PAS-zero-miss-r4-20261006\src\game.cpp.obj
C:\Users\wurre\Desktop\PAS-zero-miss-r4-20261006\src\game.cpp(773): warning C4456: declaration of 'gap' hides previous local declaration
C:\Users\wurre\Desktop\PAS-zero-miss-r4-20261006\src\game.cpp(681): note: see declaration of 'gap'
C:\Users\wurre\Desktop\PAS-zero-miss-r4-20261006\src\game.cpp(921): warning C4456: declaration of 'minor' hides previous local declaration
C:\Users\wurre\Desktop\PAS-zero-miss-r4-20261006\src\game.cpp(880): note: see declaration of 'minor'
C:\Users\wurre\Desktop\PAS-zero-miss-r4-20261006\src\game.cpp(952): warning C4456: declaration of 'gap' hides previous local declaration
C:\Users\wurre\Desktop\PAS-zero-miss-r4-20261006\src\game.cpp(681): note: see declaration of 'gap'
[44/98] Building CXX object CMakeFiles\formal_core.dir\C_\Users\wurre\Desktop\PAS-zero-miss-r4-20261006\src\game_tracking_methods.cpp.obj
[45/98] Building CXX object CMakeFiles\formal_core.dir\C_\Users\wurre\Desktop\PAS-zero-miss-r4-20261006\src\game_tracking_shadow.cpp.obj
[46/98] Building CXX object CMakeFiles\formal_core.dir\C_\Users\wurre\Desktop\PAS-zero-miss-r4-20261006\src\game_tracking.cpp.obj
[47/98] Building CXX object CMakeFiles\formal_core.dir\C_\Users\wurre\Desktop\PAS-zero-miss-r4-20261006\src\game_tracking_analysis.cpp.obj
[48/98] Building CXX object CMakeFiles\formal_core.dir\C_\Users\wurre\Desktop\PAS-zero-miss-r4-20261006\src\game_session.cpp.obj
[49/98] Building CXX object CMakeFiles\formal_core.dir\C_\Users\wurre\Desktop\PAS-zero-miss-r4-20261006\src\game_dataset.cpp.obj
[50/98] Building CXX object CMakeFiles\formal_core.dir\C_\Users\wurre\Desktop\PAS-zero-miss-r4-20261006\src\session_archive.cpp.obj
[51/98] Building CXX object CMakeFiles\formal_core.dir\C_\Users\wurre\Desktop\PAS-zero-miss-r4-20261006\src\game_dataset_tools.cpp.obj
[52/98] Building CXX object CMakeFiles\exact_bvi_v3.dir\C_\Users\wurre\Desktop\PAS-zero-miss-r4-20261006\research\bvi_cold_v3\contact_policy.cpp.obj
[53/98] Building CXX object CMakeFiles\exact_bvi_v3.dir\C_\Users\wurre\Desktop\PAS-zero-miss-r4-20261006\research\bvi_cold_v3\relation_policy.cpp.obj
[54/98] Scanning C:\Users\wurre\Desktop\PAS-zero-miss-r4-20261006\research\bvi_windows\bridge\bridge.cpp for CXX dependencies
[55/98] Generating CXX dyndep file CMakeFiles\current_front.dir\CXX.dd
[56/98] Building CXX object CMakeFiles\exact_bvi_v3.dir\C_\Users\wurre\Desktop\PAS-zero-miss-r4-20261006\research\bvi_cold_v3\constraint_policy.cpp.obj
[57/98] Generating CXX dyndep file CMakeFiles\own_bridge.dir\CXX.dd
[58/98] Scanning C:\Users\wurre\Desktop\PAS-zero-miss-r4-20261006\research\prelive_current\current.cpp for CXX dependencies
[59/98] Generating CXX dyndep file CMakeFiles\current_bridge.dir\CXX.dd
[60/98] Linking CXX static library exact_bvi_v3.lib
[61/98] Generating CXX dyndep file CMakeFiles\current_rails.dir\CXX.dd
[62/98] Building CXX object CMakeFiles\formal_core.dir\C_\Users\wurre\Desktop\PAS-zero-miss-r4-20261006\src\session_pixel_clips.cpp.obj
[63/98] Scanning C:\Users\wurre\Desktop\PAS-zero-miss-r4-20261006\research\bvi_windows\bridge\bridge_tests.cpp for CXX dependencies
[64/98] Scanning C:\Users\wurre\Desktop\PAS-zero-miss-r4-20261006\research\hold_front_current\front_tests.cpp for CXX dependencies
[65/98] Scanning C:\Users\wurre\Desktop\PAS-zero-miss-r4-20261006\research\prelive_current\current_tests.cpp for CXX dependencies
[66/98] Scanning C:\Users\wurre\Desktop\PAS-zero-miss-r4-20261006\research\prelive_current\own_prefix.cpp for CXX dependencies
[67/98] Scanning C:\Users\wurre\Desktop\PAS-zero-miss-r4-20261006\research\prelive_current\chain.cpp for CXX dependencies
[68/98] Building CXX object CMakeFiles\formal_core.dir\C_\Users\wurre\Desktop\PAS-zero-miss-r4-20261006\src\session_recording.cpp.obj
[69/98] Scanning C:\Users\wurre\Desktop\PAS-zero-miss-r4-20261006\tests\game_tests.cpp for CXX dependencies
FAILED: [code=2] CMakeFiles/formal_affected.dir/C_/Users/wurre/Desktop/PAS-zero-miss-r4-20261006/tests/game_tests.cpp.obj.ddi 
C:\Users\wurre\Desktop\PAS-zero-miss-r4-20261006\out\windows-handoff\msvc-isolated-probe-01\bin\cl.exe -DGTEST_LINKED_AS_SHARED_LIBRARY=1 -DPAS_TEST_SOURCE_DIR=\"C:/Users/wurre/Desktop/PAS-zero-miss-r4-20261006\" -IC:\Users\wurre\Desktop\PAS-zero-miss-r4-20261006\include -external:IC:\Users\wurre\Desktop\Phigros-Auto-play-System\out\vcpkg_installed\x64-windows\include -external:W0 /DWIN32 /D_WINDOWS /EHsc /O2 /Ob2 /DNDEBUG -std:c++20 -MD -Z7 /W4 /permissive- /EHsc C:\Users\wurre\Desktop\PAS-zero-miss-r4-20261006\tests\game_tests.cpp -nologo -TP -showIncludes -scanDependencies CMakeFiles\formal_affected.dir\C_\Users\wurre\Desktop\PAS-zero-miss-r4-20261006\tests\game_tests.cpp.obj.ddi -FoCMakeFiles\formal_affected.dir\C_\Users\wurre\Desktop\PAS-zero-miss-r4-20261006\tests\game_tests.cpp.obj
C:\Users\wurre\Desktop\PAS-zero-miss-r4-20261006\include\pas/emulator.hpp(7): fatal error C1083: Cannot open include file: 'emulator_controller.grpc.pb.h': No such file or directory
[70/98] Linking CXX static library formal_core.lib
[71/98] Building CXX object CMakeFiles\own_bridge.dir\own_bridge.cpp.obj
[72/98] Building CXX object CMakeFiles\current_front.dir\C_\Users\wurre\Desktop\PAS-zero-miss-r4-20261006\research\hold_front_current\front.cpp.obj
ninja: build stopped: subcommand failed.
TRACE Build END exit=2
