TRACE native START
Running main() from C:\Users\wurre\Desktop\Phigros-Auto-play-System\out\vcpkg_installed\vcpkg\blds\gtest\src\v1.18.0-e6987f02b9.clean\googletest\src\gtest_main.cc
[==========] Running 186 tests from 8 test suites.
[----------] Global test environment set-up.
[----------] 56 tests from GameObserver
[ RUN      ] GameObserver.MultiplePixelsTracksAndRelativeMovingLinePrediction
[       OK ] GameObserver.MultiplePixelsTracksAndRelativeMovingLinePrediction (20 ms)
[ RUN      ] GameObserver.CrossingCurrentVerticalRidgeSurvivesConnectedHorizontalLine
[       OK ] GameObserver.CrossingCurrentVerticalRidgeSurvivesConnectedHorizontalLine (24 ms)
[ RUN      ] GameObserver.CurrentVerticalSearchRejectsHoldSideRailsAndBroadWhiteFill
[       OK ] GameObserver.CurrentVerticalSearchRejectsHoldSideRailsAndBroadWhiteFill (21 ms)
[ RUN      ] GameObserver.RotatedSplitFlickJoinsOnlyWithItsCurrentTransverseArrow
[       OK ] GameObserver.RotatedSplitFlickJoinsOnlyWithItsCurrentTransverseArrow (27 ms)
[ RUN      ] GameObserver.CrossingVerticalWhiteRidgeSurvivesCurrentWarmHitTintButCannotBeBornFromTint
[       OK ] GameObserver.CrossingVerticalWhiteRidgeSurvivesCurrentWarmHitTintButCannotBeBornFromTint (27 ms)
[ RUN      ] GameObserver.RowPrescreenPreservesCompleteDecisionsOnSyntheticMotion
[       OK ] GameObserver.RowPrescreenPreservesCompleteDecisionsOnSyntheticMotion (72 ms)
[ RUN      ] GameObserver.RowPrescreenPreservesRecordedClipDecisionsWhenProvided
joined_line_diff round=1 clip=4 frame=1466 baseline=1 split=3 (543,359.5;0,1;719) (955,394;0,1;650) (640,576;1,0;1280)
joined_line_diff round=1 clip=4 frame=1467 baseline=2 split=4 (536.5,359.5;0,1;719) (956.5,406.5;0,1;625) (640,576;1,0;1280) (352,165.668;6.12323e-17,1;332.941)
joined_line_diff round=1 clip=4 frame=1468 baseline=2 split=4 (533,359.5;0,1;719) (958,413;0,1;612) (640,576.022;1,4.39244e-05;1280) (369,169;6.12323e-17,1;339.592)
joined_line_diff round=2 clip=9 frame=19284 baseline=1 split=2 (640.5,363.5;0,1;711) (640,575.521;0.999999,0.00116466;1280)
joined_line_diff round=2 clip=9 frame=19285 baseline=1 split=2 (641.5,363.5;0,1;711) (640,575.502;0.999989,0.00465035;1280.01)
joined_line_diff round=2 clip=9 frame=19286 baseline=1 split=2 (644.5,363.5;0,1;711) (640,575.297;0.999947,0.0102676;1280.07)
row_prescreen full n=60 p5=2.9022 p50=4.0907 p95=6.8261 p99=7.713 max=14.8377 jitter_p95_minus_p5=3.9239 ms
row_prescreen prescreen n=60 p5=1.2367 p50=1.9361 p95=4.0958 p99=4.9852 max=5.1158 jitter_p95_minus_p5=2.8591 ms
row_prescreen joined n=60 p5=2.0809 p50=2.9878 p95=4.9414 p99=7.4104 max=7.7687 jitter_p95_minus_p5=2.8605 ms
joined_line_differences n=6 focus=0 of 60 frames
[       OK ] GameObserver.RowPrescreenPreservesRecordedClipDecisionsWhenProvided (863 ms)
[ RUN      ] GameObserver.SplitsPixelConnectedCrossingRidgesWithoutInventingHoldRails
[       OK ] GameObserver.SplitsPixelConnectedCrossingRidgesWithoutInventingHoldRails (18 ms)
[ RUN      ] GameObserver.NotesAloneDuplicateFramesAndGeometryCannotArm
[       OK ] GameObserver.NotesAloneDuplicateFramesAndGeometryCannotArm (24 ms)
[ RUN      ] GameObserver.ChangingIndicatorColorKeepsTiltedLinePredictionAndNoteIdentity
[       OK ] GameObserver.ChangingIndicatorColorKeepsTiltedLinePredictionAndNoteIdentity (18 ms)
[ RUN      ] GameObserver.UiLossCancelsAndCapacityIsBounded
[       OK ] GameObserver.UiLossCancelsAndCapacityIsBounded (24 ms)
[ RUN      ] GameObserver.FreshHudAfterShortGapKeepsUiButClearsAllMotionAcrossEpoch
[       OK ] GameObserver.FreshHudAfterShortGapKeepsUiButClearsAllMotionAcrossEpoch (28 ms)
[ RUN      ] GameObserver.HudContinuityNeverBridgesMissingPixelsLongGapOrGeometry
[       OK ] GameObserver.HudContinuityNeverBridgesMissingPixelsLongGapOrGeometry (67 ms)
[ RUN      ] GameObserver.OnePixelLineJoinedToHoldBorderStaysObservable
[       OK ] GameObserver.OnePixelLineJoinedToHoldBorderStaysObservable (4 ms)
[ RUN      ] GameObserver.NestedRibbonsMergeButEqualWidthOverlapsRemainDistinct
[       OK ] GameObserver.NestedRibbonsMergeButEqualWidthOverlapsRemainDistinct (3 ms)
[ RUN      ] GameObserver.YellowOutlineDoesNotDuplicateBlueCoreAndHoldHasLeadingEdgeAndTail
[       OK ] GameObserver.YellowOutlineDoesNotDuplicateBlueCoreAndHoldHasLeadingEdgeAndTail (4 ms)
[ RUN      ] GameObserver.DesaturatedHoldRequiresFreshParallelRailsAndDoesNotInventClippedTail
[       OK ] GameObserver.DesaturatedHoldRequiresFreshParallelRailsAndDoesNotInventClippedTail (33 ms)
[ RUN      ] GameObserver.CurrentHoldRailsOverrideFragmentedCoreWithoutRemovingIndependentNotes
[       OK ] GameObserver.CurrentHoldRailsOverrideFragmentedCoreWithoutRemovingIndependentNotes (86 ms)
[ RUN      ] GameObserver.HoldRailAnchorSurvivesOneMissingRailButRequiresCurrentPairToRecover
[       OK ] GameObserver.HoldRailAnchorSurvivesOneMissingRailButRequiresCurrentPairToRecover (26 ms)
[ RUN      ] GameObserver.HeldTiltedBodyPreservesAnIndependentThinTapInsideItsRails
[       OK ] GameObserver.HeldTiltedBodyPreservesAnIndependentThinTapInsideItsRails (39 ms)
[ RUN      ] GameObserver.RecentHeldRegionRejectsEnclosedSideFragmentsWithoutRefreshingMissingRails
[       OK ] GameObserver.RecentHeldRegionRejectsEnclosedSideFragmentsWithoutRefreshingMissingRails (18 ms)
[ RUN      ] GameObserver.ApproachingHoldKeepsWholeGeometryWhenDecorativeLineSplitsItsCore
[       OK ] GameObserver.ApproachingHoldKeepsWholeGeometryWhenDecorativeLineSplitsItsCore (27 ms)
[ RUN      ] GameObserver.ApproachingConnectedHoldWithInteriorHitTintKeepsOneIdentity
[       OK ] GameObserver.ApproachingConnectedHoldWithInteriorHitTintKeepsOneIdentity (192 ms)
[ RUN      ] GameObserver.ApproachingHoldWithEnclosedHitPatchKeepsOneIdentityAcrossSparseFrames
[       OK ] GameObserver.ApproachingHoldWithEnclosedHitPatchKeepsOneIdentityAcrossSparseFrames (36 ms)
[ RUN      ] GameObserver.InteriorHoldDescriptionDedupPreservesThinTapAndAdjacentHold
[       OK ] GameObserver.InteriorHoldDescriptionDedupPreservesThinTapAndAdjacentHold (68 ms)
[ RUN      ] GameObserver.InteriorHoldDescriptionNeedsBothCurrentSideBandsAndRecentFront
[       OK ] GameObserver.InteriorHoldDescriptionNeedsBothCurrentSideBandsAndRecentFront (148 ms)
[ RUN      ] GameObserver.ClippedTopHoldKeepsCurrentRailsAndContactAcrossTheHeightLimit
[       OK ] GameObserver.ClippedTopHoldKeepsCurrentRailsAndContactAcrossTheHeightLimit (71 ms)
[ RUN      ] GameObserver.ClippedTopHoldCanValidateCurrentLeadingEdgeWithoutPriorAnchor
[       OK ] GameObserver.ClippedTopHoldCanValidateCurrentLeadingEdgeWithoutPriorAnchor (22 ms)
[ RUN      ] GameObserver.RecentHeldRailsRemainVisibleThroughWarmHitTint
[       OK ] GameObserver.RecentHeldRailsRemainVisibleThroughWarmHitTint (82 ms)
[ RUN      ] GameObserver.ColorIndependentHeldOutlineRequiresFreshAnchorAndBothCurrentRails
[       OK ] GameObserver.ColorIndependentHeldOutlineRequiresFreshAnchorAndBothCurrentRails (220 ms)
[ RUN      ] GameObserver.WarmTintUsesCurrentNeutralRailPairWhenCoreWidthWasBiased
[       OK ] GameObserver.WarmTintUsesCurrentNeutralRailPairWhenCoreWidthWasBiased (173 ms)
[ RUN      ] GameObserver.WarmSectionCannotUseEmptyOrMismatchedWhitePair
[       OK ] GameObserver.WarmSectionCannotUseEmptyOrMismatchedWhitePair (180 ms)
[ RUN      ] GameObserver.ClippedBlueColumnWithoutBothRailsCannotBecomeANewHold
[       OK ] GameObserver.ClippedBlueColumnWithoutBothRailsCannotBecomeANewHold (11 ms)
[ RUN      ] GameObserver.CurrentRailsReconstructSplitGradientBodyWithoutAnEarlierWholeCore
[       OK ] GameObserver.CurrentRailsReconstructSplitGradientBodyWithoutAnEarlierWholeCore (24 ms)
[ RUN      ] GameObserver.ShortWideCurrentRailsNeedDepthAndCannotJoinAdjacentBodiesOrEmptyBorders
[       OK ] GameObserver.ShortWideCurrentRailsNeedDepthAndCannotJoinAdjacentBodiesOrEmptyBorders (5 ms)
[ RUN      ] GameObserver.CurrentHoldReconstructionRejectsLongRailGapDespiteBodyFill
[       OK ] GameObserver.CurrentHoldReconstructionRejectsLongRailGapDespiteBodyFill (2 ms)
[ RUN      ] GameObserver.HoldRailsCannotExpandToDecorationWithFillMissingOnOneSide
[       OK ] GameObserver.HoldRailsCannotExpandToDecorationWithFillMissingOnOneSide (5 ms)
[ RUN      ] GameObserver.ShrinkingHoldKeepsHeadIdentityButThinNewTapCannotInheritIt
[       OK ] GameObserver.ShrinkingHoldKeepsHeadIdentityButThinNewTapCannotInheritIt (32 ms)
[ RUN      ] GameObserver.SmallHitParticlesAndYellowRingsCannotBecomeNoteTargets
[       OK ] GameObserver.SmallHitParticlesAndYellowRingsCannotBecomeNoteTargets (3 ms)
[ RUN      ] GameObserver.ShortWideHoldUsesLineNormalAndStationaryHeadStillHasHitRegion
[       OK ] GameObserver.ShortWideHoldUsesLineNormalAndStationaryHeadStillHasHitRegion (14 ms)
[ RUN      ] GameObserver.SplitFlickRequiresCentralArrowAndHighlightCannotBecomeDrag
[       OK ] GameObserver.SplitFlickRequiresCentralArrowAndHighlightCannotBecomeDrag (3 ms)
[ RUN      ] GameObserver.TallSimultaneousHighlightKeepsOnlyTheCoreAndIndependentDrag
[       OK ] GameObserver.TallSimultaneousHighlightKeepsOnlyTheCoreAndIndependentDrag (19 ms)
[ RUN      ] GameObserver.ShortCaptureBurstCannotPredictAnImminentCrossingFromFarNotes
[       OK ] GameObserver.ShortCaptureBurstCannotPredictAnImminentCrossingFromFarNotes (36 ms)
[ RUN      ] GameObserver.ContinuousFastFramesKeepEnoughTemporalHistoryToPredict
[       OK ] GameObserver.ContinuousFastFramesKeepEnoughTemporalHistoryToPredict (109 ms)
[ RUN      ] GameObserver.TimingUncertaintySeparatesFastCaptureJitterFromSlowAmbiguousMotion
[       OK ] GameObserver.TimingUncertaintySeparatesFastCaptureJitterFromSlowAmbiguousMotion (42 ms)
[ RUN      ] GameObserver.CurrentPointMismatchAndLargeGeometryJumpsRemainRejectedAtHighSpeed
[       OK ] GameObserver.CurrentPointMismatchAndLargeGeometryJumpsRemainRejectedAtHighSpeed (22 ms)
[ RUN      ] GameObserver.FitResidualDoesNotDisplaceTheHitPointFromTheObservedLine
[       OK ] GameObserver.FitResidualDoesNotDisplaceTheHitPointFromTheObservedLine (23 ms)
[ RUN      ] GameObserver.SlantedLineSurvivesIntersectionAndMatchesNoteOrientation
[       OK ] GameObserver.SlantedLineSurvivesIntersectionAndMatchesNoteOrientation (25 ms)
[ RUN      ] GameObserver.OneCurrentRailPairCannotMultiplyHeldIdentitiesThroughCoreFragments
[       OK ] GameObserver.OneCurrentRailPairCannotMultiplyHeldIdentitiesThroughCoreFragments (252 ms)
[ RUN      ] GameObserver.CurrentAttachedGrayRailsRetainFrontClippedBeforeOnlineClassification
[       OK ] GameObserver.CurrentAttachedGrayRailsRetainFrontClippedBeforeOnlineClassification (70 ms)
[ RUN      ] GameObserver.GrayHeldFrontCanMoveAwayFromTheLineWithTheSameFingerAndCurrentHit
[       OK ] GameObserver.GrayHeldFrontCanMoveAwayFromTheLineWithTheSameFingerAndCurrentHit (217 ms)
[ RUN      ] GameObserver.HeldBodyKeepsItsFingerThroughAFrontOcclusionAndRecoversCurrentFront
[       OK ] GameObserver.HeldBodyKeepsItsFingerThroughAFrontOcclusionAndRecoversCurrentFront (142 ms)
[ RUN      ] GameObserver.RotatingCurrentLineRetainsIdentityAndFreshLocalHitGeometry
[       OK ] GameObserver.RotatingCurrentLineRetainsIdentityAndFreshLocalHitGeometry (38 ms)
[ RUN      ] GameObserver.InterruptedThinBandIsOneLineButSeparatedBandsRemainDistinct
[       OK ] GameObserver.InterruptedThinBandIsOneLineButSeparatedBandsRemainDistinct (7 ms)
[ RUN      ] GameObserver.TiltedMovingDragUsesLocalCoreAndOneCurrentContact
[       OK ] GameObserver.TiltedMovingDragUsesLocalCoreAndOneCurrentContact (46 ms)
[ RUN      ] GameObserver.PerpendicularColoredRibbonsKeepTheirOwnGeometryAndKind
[       OK ] GameObserver.PerpendicularColoredRibbonsKeepTheirOwnGeometryAndKind (61 ms)
[----------] 56 tests from GameObserver (3906 ms total)

[----------] 10 tests from GameDiagnostics
[ RUN      ] GameDiagnostics.CurrentCentralDigitShapesExcludeComboLabelRailsAndProgress
[       OK ] GameDiagnostics.CurrentCentralDigitShapesExcludeComboLabelRailsAndProgress (7 ms)
[ RUN      ] GameDiagnostics.ComboDisappearanceRequiresFreshSustainedAbsenceAndRearms
[       OK ] GameDiagnostics.ComboDisappearanceRequiresFreshSustainedAbsenceAndRearms (0 ms)
[ RUN      ] GameDiagnostics.DecorativeRailConnectedToDigitDoesNotReportDisappearance
[       OK ] GameDiagnostics.DecorativeRailConnectedToDigitDoesNotReportDisappearance (31 ms)
[ RUN      ] GameDiagnostics.ThinHorizontalRibbonJoiningDigitsKeepsVisibleTallInk
[       OK ] GameDiagnostics.ThinHorizontalRibbonJoiningDigitsKeepsVisibleTallInk (14 ms)
[ RUN      ] GameDiagnostics.ComboDiagnosticRejectsReplayUiLossLongGapAndGeometryChange
[       OK ] GameDiagnostics.ComboDiagnosticRejectsReplayUiLossLongGapAndGeometryChange (0 ms)
[ RUN      ] GameDiagnostics.LongHoldDisappearanceRetainsOnlyItsPriorCoordinateEvidence
[       OK ] GameDiagnostics.LongHoldDisappearanceRetainsOnlyItsPriorCoordinateEvidence (0 ms)
[ RUN      ] GameDiagnostics.HoldDiagnosticKeepsVisibleNewIdentityButRejectsNarrowFragments
[       OK ] GameDiagnostics.HoldDiagnosticKeepsVisibleNewIdentityButRejectsNarrowFragments (0 ms)
[ RUN      ] GameDiagnostics.HoldDiagnosticSkipsEndingBodyAndFrameDiscontinuities
[       OK ] GameDiagnostics.HoldDiagnosticSkipsEndingBodyAndFrameDiscontinuities (0 ms)
[ RUN      ] GameDiagnostics.ApproachingBodyCannotConsumeTheHeldDisappearanceWindow
[       OK ] GameDiagnostics.ApproachingBodyCannotConsumeTheHeldDisappearanceWindow (0 ms)
[ RUN      ] GameDiagnostics.CurrentHeldBodyMovingAwayFromTheLineCanReportItsDisappearance
[       OK ] GameDiagnostics.CurrentHeldBodyMovingAwayFromTheLineCanReportItsDisappearance (0 ms)
[----------] 10 tests from GameDiagnostics (53 ms total)

[----------] 51 tests from GameOwner
[ RUN      ] GameOwner.NewTimingUncertaintyCancelsPendingDownAndFreshEvidenceCanRetryExactlyOnce
[       OK ] GameOwner.NewTimingUncertaintyCancelsPendingDownAndFreshEvidenceCanRetryExactlyOnce (0 ms)
[ RUN      ] GameOwner.FreshPredictionRefinesPendingDeadlineButCannotReplayActiveDown
[       OK ] GameOwner.FreshPredictionRefinesPendingDeadlineButCannotReplayActiveDown (0 ms)
[ RUN      ] GameOwner.ContradictedPendingPredictionCannotInjectButFreshPredictionCanRetry
[       OK ] GameOwner.ContradictedPendingPredictionCannotInjectButFreshPredictionCanRetry (0 ms)
[ RUN      ] GameOwner.ContradictionAfterDownCannotReplayOrCancelTheActiveDragWindow
[       OK ] GameOwner.ContradictionAfterDownCannotReplayOrCancelTheActiveDragWindow (0 ms)
[ RUN      ] GameOwner.HoldRefreshStaysBoundedThenMissingEvidenceReleasesContact
[       OK ] GameOwner.HoldRefreshStaysBoundedThenMissingEvidenceReleasesContact (0 ms)
[ RUN      ] GameOwner.FiveHoldsKeepIndependentContactsUntilCurrentTailsActuallyPass
[       OK ] GameOwner.FiveHoldsKeepIndependentContactsUntilCurrentTailsActuallyPass (0 ms)
[ RUN      ] GameOwner.SixthSimultaneousContactIsRejectedWithoutStealingFiveActiveFingers
[       OK ] GameOwner.SixthSimultaneousContactIsRejectedWithoutStealingFiveActiveFingers (0 ms)
[ RUN      ] GameOwner.RotatingHeldBodyAndColocatedTapKeepSeparateContacts
[       OK ] GameOwner.RotatingHeldBodyAndColocatedTapKeepSeparateContacts (0 ms)
[ RUN      ] GameOwner.TailPredictionWithoutCurrentVisibleTailDoesNotEndHoldOrExtendExpiry
[       OK ] GameOwner.TailPredictionWithoutCurrentVisibleTailDoesNotEndHoldOrExtendExpiry (0 ms)
[ RUN      ] GameOwner.MovingNearLineDragKeepsOneFingerWithoutRepeatedCrossingFits
[       OK ] GameOwner.MovingNearLineDragKeepsOneFingerWithoutRepeatedCrossingFits (0 ms)
[ RUN      ] GameOwner.CurrentOuterBodyReassociatesHoldButCannotReviveCompletedFinger
[       OK ] GameOwner.CurrentOuterBodyReassociatesHoldButCannotReviveCompletedFinger (0 ms)
[ RUN      ] GameOwner.PreviouslySeenUnsubmittedHoldDescriptionCanRetainStartedContact
[       OK ] GameOwner.PreviouslySeenUnsubmittedHoldDescriptionCanRetainStartedContact (0 ms)
[ RUN      ] GameOwner.AliasesNeedCurrentSupportAndCannotOverrideOriginalOrReviveExpiredOwner
[       OK ] GameOwner.AliasesNeedCurrentSupportAndCannotOverrideOriginalOrReviveExpiredOwner (0 ms)
[ RUN      ] GameOwner.MovingHoldRejectsColorFragmentProjectionAndKeepsTheOriginalMissingGrace
[       OK ] GameOwner.MovingHoldRejectsColorFragmentProjectionAndKeepsTheOriginalMissingGrace (0 ms)
[ RUN      ] GameOwner.SameHoldCanRecoverItsFrontFromAnInteriorPatchWithoutChangingContact
[       OK ] GameOwner.SameHoldCanRecoverItsFrontFromAnInteriorPatchWithoutChangingContact (0 ms)
[ RUN      ] GameOwner.HeldBodySupportCannotCreateANewDownEvenWithAFittedCrossing
[       OK ] GameOwner.HeldBodySupportCannotCreateANewDownEvenWithAFittedCrossing (0 ms)
[ RUN      ] GameOwner.PendingHoldDeadlineRevisionsRenewFromCurrentCaptureBeforeTheNextFrameGap
[       OK ] GameOwner.PendingHoldDeadlineRevisionsRenewFromCurrentCaptureBeforeTheNextFrameGap (0 ms)
[ RUN      ] GameOwner.FreshYellowRegionsBridgeSuccessiveIdsWithoutRepeatingDown
[       OK ] GameOwner.FreshYellowRegionsBridgeSuccessiveIdsWithoutRepeatingDown (0 ms)
[ RUN      ] GameOwner.YellowRegionSharingRejectsAcrossLineAndAmbiguousActiveCoverage
[       OK ] GameOwner.YellowRegionSharingRejectsAcrossLineAndAmbiguousActiveCoverage (0 ms)
[ RUN      ] GameOwner.LongHoldBridgesFreshSparseFramesButStopsAtActualEvidenceExpiry
[       OK ] GameOwner.LongHoldBridgesFreshSparseFramesButStopsAtActualEvidenceExpiry (0 ms)
[ RUN      ] GameOwner.TypeGateAndFlickUseIndependentDownMoveUpSequence
[       OK ] GameOwner.TypeGateAndFlickUseIndependentDownMoveUpSequence (0 ms)
[ RUN      ] GameOwner.FlickNearLowerBoundaryKeepsFourFiniteMovesInsideScreen
[       OK ] GameOwner.FlickNearLowerBoundaryKeepsFourFiniteMovesInsideScreen (0 ms)
[ RUN      ] GameOwner.PendingFlickRevisionRebuildsFullPathFromCurrentHit
[       OK ] GameOwner.PendingFlickRevisionRebuildsFullPathFromCurrentHit (0 ms)
[ RUN      ] GameOwner.OutOfOrderNotesGetSubmissionIdsAndFullSnapshotCancelsMissing
[       OK ] GameOwner.OutOfOrderNotesGetSubmissionIdsAndFullSnapshotCancelsMissing (0 ms)
[ RUN      ] GameOwner.SingleMissingDragFrameCancelsFutureDownAndFreshReturnCanReplan
[       OK ] GameOwner.SingleMissingDragFrameCancelsFutureDownAndFreshReturnCanReplan (0 ms)
[ RUN      ] GameOwner.MissingPendingTapAndDragRetryWithCurrentEvidenceExactlyOnce
[       OK ] GameOwner.MissingPendingTapAndDragRetryWithCurrentEvidenceExactlyOnce (0 ms)
[ RUN      ] GameOwner.InvalidPendingGeometryCanRetryOnlyFromFreshValidPrediction
[       OK ] GameOwner.InvalidPendingGeometryCanRetryOnlyFromFreshValidPrediction (0 ms)
[ RUN      ] GameOwner.MissingAfterStartedOrCompletedDownCannotRetryReturnedPixels
[       OK ] GameOwner.MissingAfterStartedOrCompletedDownCannotRetryReturnedPixels (0 ms)
[ RUN      ] GameOwner.DragCoverageSurvivesLateCrossingWithoutReplayingDown
[       OK ] GameOwner.DragCoverageSurvivesLateCrossingWithoutReplayingDown (0 ms)
[ RUN      ] GameOwner.DenseColocatedDragsShareOneActiveContactAndKeepTapIndependent
[       OK ] GameOwner.DenseColocatedDragsShareOneActiveContactAndKeepTapIndependent (0 ms)
[ RUN      ] GameOwner.ADisappearingDragMemberCannotReleaseTheStillObservedGroup
[       OK ] GameOwner.ADisappearingDragMemberCannotReleaseTheStillObservedGroup (0 ms)
[ RUN      ] GameOwner.DifferentDragPositionsKeepIndependentContactsAndGateLossReleasesTheGroup
[       OK ] GameOwner.DifferentDragPositionsKeepIndependentContactsAndGateLossReleasesTheGroup (0 ms)
[ RUN      ] GameOwner.BoundedLatePredictionRecoversNowButOldEvidenceAndExecutedDownCannotReplay
[       OK ] GameOwner.BoundedLatePredictionRecoversNowButOldEvidenceAndExecutedDownCannotReplay (0 ms)
[ RUN      ] GameOwner.LateGeometrySnapshotCannotCancelCurrentPendingIntent
[       OK ] GameOwner.LateGeometrySnapshotCannotCancelCurrentPendingIntent (0 ms)
[ RUN      ] GameOwner.CurrentDragOverlapStartsWithoutInventingARootAndTracksMovingLine
[       OK ] GameOwner.CurrentDragOverlapStartsWithoutInventingARootAndTracksMovingLine (0 ms)
[ RUN      ] GameOwner.DragOverlapRejectsMissingStaleAmbiguousAndNonCoreGeometry
[       OK ] GameOwner.DragOverlapRejectsMissingStaleAmbiguousAndNonCoreGeometry (0 ms)
[ RUN      ] GameOwner.PendingDragPredictionCanBecomeACurrentSpatialContactExactlyOnce
[       OK ] GameOwner.PendingDragPredictionCanBecomeACurrentSpatialContactExactlyOnce (0 ms)
[ RUN      ] GameOwner.ConsecutiveSpatialDragCoresShareTheStartedFingerWithoutAnyCrossing
[       OK ] GameOwner.ConsecutiveSpatialDragCoresShareTheStartedFingerWithoutAnyCrossing (0 ms)
[ RUN      ] GameOwner.RotatingCurrentHoldKeepsItsFingerAndMovesOnlyWithCurrentBody
[       OK ] GameOwner.RotatingCurrentHoldKeepsItsFingerAndMovesOnlyWithCurrentBody (0 ms)
[ RUN      ] GameOwner.UnsupportedHoldProjectionCannotMoveTheStartedFinger
[       OK ] GameOwner.UnsupportedHoldProjectionCannotMoveTheStartedFinger (0 ms)
[ RUN      ] GameOwner.PreviouslyTrackedTapCanUseNewCurrentLineAtVisibleOverlap
[       OK ] GameOwner.PreviouslyTrackedTapCanUseNewCurrentLineAtVisibleOverlap (0 ms)
[ RUN      ] GameOwner.CurrentNoteKeepsConfirmedMovingLineThroughShortOcclusion
[       OK ] GameOwner.CurrentNoteKeepsConfirmedMovingLineThroughShortOcclusion (0 ms)
[ RUN      ] GameOwner.DiscontinuousPixelsCancelOnlyAnUnexecutedDown
[       OK ] GameOwner.DiscontinuousPixelsCancelOnlyAnUnexecutedDown (0 ms)
[ RUN      ] GameOwner.RotatedTailNeedsTwoCurrentSamplesOnItsOwnLine
[       OK ] GameOwner.RotatedTailNeedsTwoCurrentSamplesOnItsOwnLine (0 ms)
[ RUN      ] GameOwner.CurrentTapOverlapRejectsCompetingStaleInvalidAndUnsupportedEvidence
[       OK ] GameOwner.CurrentTapOverlapRejectsCompetingStaleInvalidAndUnsupportedEvidence (0 ms)
[ RUN      ] GameOwner.CurrentTapOverlapCompletesOnceAndCannotReplayAfterReturn
[       OK ] GameOwner.CurrentTapOverlapCompletesOnceAndCannotReplayAfterReturn (0 ms)
[ RUN      ] GameOwner.CurrentTapOverlapUnknownDownIsNotRetried
[       OK ] GameOwner.CurrentTapOverlapUnknownDownIsNotRetried (0 ms)
[ RUN      ] GameOwner.PerpendicularCurrentTapOverlapRequiresItsActualCore
[       OK ] GameOwner.PerpendicularCurrentTapOverlapRequiresItsActualCore (0 ms)
[ RUN      ] GameOwner.PerpendicularCurrentDragOverlapNeedsCurrentCoreAndReleasesOnce
[       OK ] GameOwner.PerpendicularCurrentDragOverlapNeedsCurrentCoreAndReleasesOnce (0 ms)
[ RUN      ] GameOwner.RotatingSupportedHoldKeepsTheSameContactButFragmentsCannotMoveIt
[       OK ] GameOwner.RotatingSupportedHoldKeepsTheSameContactButFragmentsCannotMoveIt (0 ms)
[ RUN      ] GameOwner.UnrelatedOrStaleLineCannotConfirmTheCurrentHoldTail
[       OK ] GameOwner.UnrelatedOrStaleLineCannotConfirmTheCurrentHoldTail (0 ms)
[----------] 51 tests from GameOwner (3 ms total)

[----------] 5 tests from GameScheduler
[ RUN      ] GameScheduler.ActivePrefixCompactionKeepsLastExecutedStepAndCannotDropFuture
[       OK ] GameScheduler.ActivePrefixCompactionKeepsLastExecutedStepAndCannotDropFuture (0 ms)
[ RUN      ] GameScheduler.FuturePlansDoNotReserveContacts
[       OK ] GameScheduler.FuturePlansDoNotReserveContacts (0 ms)
[ RUN      ] GameScheduler.ActiveRevisionPreservesMovesAndRejectsChangedExecutedPrefix
[       OK ] GameScheduler.ActiveRevisionPreservesMovesAndRejectsChangedExecutedPrefix (0 ms)
[ RUN      ] GameScheduler.TargetExpiryReleasesOnlyThatContactAndFreshGateKeepsOther
[       OK ] GameScheduler.TargetExpiryReleasesOnlyThatContactAndFreshGateKeepsOther (0 ms)
[ RUN      ] GameScheduler.ContextAndDispatchGuardRevokePendingAndActive
[       OK ] GameScheduler.ContextAndDispatchGuardRevokePendingAndActive (0 ms)
[----------] 5 tests from GameScheduler (0 ms total)

[----------] 21 tests from GameMotion
[ RUN      ] GameMotion.CurrentGrayOutlineTracksTranslationButRejectsSingleRailAndMissingClosure
[       OK ] GameMotion.CurrentGrayOutlineTracksTranslationButRejectsSingleRailAndMissingClosure (2 ms)
[ RUN      ] GameMotion.IndependentLinesKeepIdentityAcrossReorderingMotionAndTangentSign
[       OK ] GameMotion.IndependentLinesKeepIdentityAcrossReorderingMotionAndTangentSign (0 ms)
[ RUN      ] GameMotion.BurstFramesCannotAmplifyLineNoiseOrReplaceCurrentGeometry
[       OK ] GameMotion.BurstFramesCannotAmplifyLineNoiseOrReplaceCurrentGeometry (0 ms)
[ RUN      ] GameMotion.RotatingLineEquationsIgnoreAlongLineCropCenterDrift
[       OK ] GameMotion.RotatingLineEquationsIgnoreAlongLineCropCenterDrift (0 ms)
[ RUN      ] GameMotion.FittedRotationAssociatesAfterGapWithoutInventingAMissingLine
[       OK ] GameMotion.FittedRotationAssociatesAfterGapWithoutInventingAMissingLine (0 ms)
[ RUN      ] GameMotion.NonlinearLinePoseRejectsVelocityAndDuplicateLinesRemainAmbiguous
[       OK ] GameMotion.NonlinearLinePoseRejectsVelocityAndDuplicateLinesRemainAmbiguous (0 ms)
[ RUN      ] GameMotion.DistributedTiltedRidgeRejectsWideFillShortBarsAndMissingSupport
[       OK ] GameMotion.DistributedTiltedRidgeRejectsWideFillShortBarsAndMissingSupport (4 ms)
[ RUN      ] GameMotion.TiltedLineExtentUsesMeasuredFragmentsAndRejectsLargeUnsupportedGaps
[       OK ] GameMotion.TiltedLineExtentUsesMeasuredFragmentsAndRejectsLargeUnsupportedGaps (4 ms)
[ RUN      ] GameMotion.ApproachingAnchorNeedsCurrentRailsAttachedToTheLine
[       OK ] GameMotion.ApproachingAnchorNeedsCurrentRailsAttachedToTheLine (1 ms)
[ RUN      ] GameMotion.ShortTerminalOutlineKeepsCurrentTailAndRejectsInternalClosingFlash
[       OK ] GameMotion.ShortTerminalOutlineKeepsCurrentTailAndRejectsInternalClosingFlash (5 ms)
[ RUN      ] GameMotion.MovingHeldFrontNeedsPairedCurrentTerminationAndCannotInferFromHistory
[       OK ] GameMotion.MovingHeldFrontNeedsPairedCurrentTerminationAndCannotInferFromHistory (34 ms)
[ RUN      ] GameMotion.MovingFrontCannotSnapToAnEffectBoxWithoutCurrentBodyInterior
[       OK ] GameMotion.MovingFrontCannotSnapToAnEffectBoxWithoutCurrentBodyInterior (12 ms)
[ RUN      ] GameMotion.OccludedFrontCanUseOnlyAVisiblePairedBodyInterior
[       OK ] GameMotion.OccludedFrontCanUseOnlyAVisiblePairedBodyInterior (13 ms)
[ RUN      ] GameMotion.ContestedDuplicateDoesNotCreateARecurringLineage
[       OK ] GameMotion.ContestedDuplicateDoesNotCreateARecurringLineage (0 ms)
[ RUN      ] GameMotion.CloseRealLinesStayDistinctAndExpiryDoesNotBridgeNinetyMilliseconds
[       OK ] GameMotion.CloseRealLinesStayDistinctAndExpiryDoesNotBridgeNinetyMilliseconds (0 ms)
[ RUN      ] GameMotion.PersistentNearNewLineIsBornAfterBoundedEvidenceButFarNewLineImmediately
[       OK ] GameMotion.PersistentNearNewLineIsBornAfterBoundedEvidenceButFarNewLineImmediately (0 ms)
[ RUN      ] GameMotion.RotatedCurrentHoldRailsCanContinueAnOlderAnchor
[       OK ] GameMotion.RotatedCurrentHoldRailsCanContinueAnOlderAnchor (1 ms)
[ RUN      ] GameMotion.SixteenLinesRemainBoundedAndContextGapStartsNewLineage
[       OK ] GameMotion.SixteenLinesRemainBoundedAndContextGapStartsNewLineage (0 ms)
[ RUN      ] GameMotion.ContestedObservationCannotSeedRecurringDuplicateTracks
[       OK ] GameMotion.ContestedObservationCannotSeedRecurringDuplicateTracks (0 ms)
[ RUN      ] GameMotion.ConvergedLineAmbiguityExpiresWithoutInventingIdentity
[       OK ] GameMotion.ConvergedLineAmbiguityExpiresWithoutInventingIdentity (0 ms)
[ RUN      ] GameMotion.RotatedCurrentHoldRailsRequireBothCurrentlyVisibleSides
[       OK ] GameMotion.RotatedCurrentHoldRailsRequireBothCurrentlyVisibleSides (4 ms)
[----------] 21 tests from GameMotion (87 ms total)

[----------] 2 tests from GameRuntime
[ RUN      ] GameRuntime.ActualCaptureOptionsUseEffectiveProfileGuard
[       OK ] GameRuntime.ActualCaptureOptionsUseEffectiveProfileGuard (0 ms)
[ RUN      ] GameRuntime.HistoricalFingerprintRejectsMappingDeviceAndUnverifiedReports
[       OK ] GameRuntime.HistoricalFingerprintRejectsMappingDeviceAndUnverifiedReports (0 ms)
[----------] 2 tests from GameRuntime (0 ms total)

[----------] 2 tests from AutoPlay
[ RUN      ] AutoPlay.PixelsConfirmSelectionAndOneAttemptNeverBecomesGameplayInput
[       OK ] AutoPlay.PixelsConfirmSelectionAndOneAttemptNeverBecomesGameplayInput (16 ms)
[ RUN      ] AutoPlay.UnknownStaleOutOfFrameAndContradictoryScenesCannotStart
[       OK ] AutoPlay.UnknownStaleOutOfFrameAndContradictoryScenesCannotStart (0 ms)
[----------] 2 tests from AutoPlay (16 ms total)

[----------] 39 tests from GameTracking
[ RUN      ] GameTracking.DistantAppearanceAngleCannotStealEstablishedLineRelation
[       OK ] GameTracking.DistantAppearanceAngleCannotStealEstablishedLineRelation (0 ms)
[ RUN      ] GameTracking.CrossingLineDoesNotStealAnApproachingConfirmedNote
[       OK ] GameTracking.CrossingLineDoesNotStealAnApproachingConfirmedNote (0 ms)
[ RUN      ] GameTracking.RecedingConfirmedLineDoesNotOverrideCurrentCrossing
[       OK ] GameTracking.RecedingConfirmedLineDoesNotOverrideCurrentCrossing (0 ms)
[ RUN      ] GameTracking.RelativeApproachSeparatesEquidistantUnrelatedLines
[       OK ] GameTracking.RelativeApproachSeparatesEquidistantUnrelatedLines (0 ms)
[ RUN      ] GameTracking.OccupiedAlternativeIsNotAnIdentityAmbiguityWithoutFeasibleSwap
[       OK ] GameTracking.OccupiedAlternativeIsNotAnIdentityAmbiguityWithoutFeasibleSwap (0 ms)
[ RUN      ] GameTracking.JumpAndReversalRequireFreshMeasuredSegments
[       OK ] GameTracking.JumpAndReversalRequireFreshMeasuredSegments (0 ms)
[ RUN      ] GameTracking.EquidistantLinesRemainCandidatesWithoutAGuessedDown
[       OK ] GameTracking.EquidistantLinesRemainCandidatesWithoutAGuessedDown (0 ms)
[ RUN      ] GameTracking.NearLineFirstAppearanceDoesNotInventTapTiming
[       OK ] GameTracking.NearLineFirstAppearanceDoesNotInventTapTiming (0 ms)
[ RUN      ] GameTracking.MissingLineProjectionRejectsReversalReplacementAndOldExtentExit
[       OK ] GameTracking.MissingLineProjectionRejectsReversalReplacementAndOldExtentExit (0 ms)
[ RUN      ] GameTracking.RotatingOriginalLineProjectsWithinItsMeasuredExtent
[       OK ] GameTracking.RotatingOriginalLineProjectsWithinItsMeasuredExtent (0 ms)
[ RUN      ] GameTracking.ConfirmedLineProjectionExpiresWithoutNewLinePixels
[       OK ] GameTracking.ConfirmedLineProjectionExpiresWithoutNewLinePixels (0 ms)
[ RUN      ] GameTracking.ExpiredOriginalLineLetsExplicitNextLineEarnFreshRelation
[       OK ] GameTracking.ExpiredOriginalLineLetsExplicitNextLineEarnFreshRelation (0 ms)
[ RUN      ] GameTracking.CurrentTapOverlapNeedsPriorApproachAndCannotUseFirstAppearance
[       OK ] GameTracking.CurrentTapOverlapNeedsPriorApproachAndCannotUseFirstAppearance (0 ms)
[ RUN      ] GameTracking.EmergingTapAtCrossedLinesRemainsWithoutImmediateActionBasis
[       OK ] GameTracking.EmergingTapAtCrossedLinesRemainsWithoutImmediateActionBasis (0 ms)
[ RUN      ] GameTracking.NormalMotionOutranksAnUnrelatedParallelDecoration
[       OK ] GameTracking.NormalMotionOutranksAnUnrelatedParallelDecoration (0 ms)
[ RUN      ] GameTracking.ConfirmedCurrentLineSurvivesLateNoteAlignmentAndBrighterFork
[       OK ] GameTracking.ConfirmedCurrentLineSurvivesLateNoteAlignmentAndBrighterFork (0 ms)
[ RUN      ] GameTracking.GenuineTwoLinesRetainIndependentPerpendicularNotes
[       OK ] GameTracking.GenuineTwoLinesRetainIndependentPerpendicularNotes (0 ms)
[ RUN      ] GameTracking.CompetingParallelLinesAndRecedingPerpendicularNotesDoNotGuessDown
[       OK ] GameTracking.CompetingParallelLinesAndRecedingPerpendicularNotesDoNotGuessDown (0 ms)
[ RUN      ] GameTracking.LineChasingAStationaryPerpendicularNoteUsesRelativeMotion
[       OK ] GameTracking.LineChasingAStationaryPerpendicularNoteUsesRelativeMotion (0 ms)
[ RUN      ] GameTracking.BaselinePixelSequenceAndSerializedBankAreEquivalent
[       OK ] GameTracking.BaselinePixelSequenceAndSerializedBankAreEquivalent (48 ms)
[ RUN      ] GameTracking.MovingHeldBodyEvidenceRoundTripsAndRequiresItsCurrentGeometry
[       OK ] GameTracking.MovingHeldBodyEvidenceRoundTripsAndRequiresItsCurrentGeometry (0 ms)
[ RUN      ] GameTracking.LinePoseFitRoundTripsAndRejectsUnboundedOrInvalidEvidence
[       OK ] GameTracking.LinePoseFitRoundTripsAndRejectsUnboundedOrInvalidEvidence (0 ms)
[ RUN      ] GameTracking.HeldBodyPatchHasNoHeadOrTailPredictionAndRoundTripsItsEvidence
[       OK ] GameTracking.HeldBodyPatchHasNoHeadOrTailPredictionAndRoundTripsItsEvidence (0 ms)
[ RUN      ] GameTracking.WeakNewCandidatesAndPredictionCannotCreateOrRefreshActions
[       OK ] GameTracking.WeakNewCandidatesAndPredictionCannotCreateOrRefreshActions (0 ms)
[ RUN      ] GameTracking.CurrentWeakRailsRequireBothSidesFreshAnchorAndVisibleHead
[       OK ] GameTracking.CurrentWeakRailsRequireBothSidesFreshAnchorAndVisibleHead (0 ms)
[ RUN      ] GameTracking.ActualDtAndBoundedReupdateNeverInsertSyntheticEvidence
[       OK ] GameTracking.ActualDtAndBoundedReupdateNeverInsertSyntheticEvidence (0 ms)
[ RUN      ] GameTracking.AdjacentHoldsAndThinOverlappingTapStayDistinct
[       OK ] GameTracking.AdjacentHoldsAndThinOverlappingTapStayDistinct (0 ms)
[ RUN      ] GameTracking.CompetingIdentityIsVisibleAndCannotBecomeNewBirth
[       OK ] GameTracking.CompetingIdentityIsVisibleAndCannotBecomeNewBirth (0 ms)
[ RUN      ] GameTracking.DuplicateNewCandidatesCannotBothCreateExecutionBirths
[       OK ] GameTracking.DuplicateNewCandidatesCannotBothCreateExecutionBirths (0 ms)
[ RUN      ] GameTracking.CapacityRevokeDoesNotForgetRetiredExecutionBirth
[       OK ] GameTracking.CapacityRevokeDoesNotForgetRetiredExecutionBirth (0 ms)
[ RUN      ] GameTracking.ShortenedHoldFrontContinuesButThinTapRemainsNew
[       OK ] GameTracking.ShortenedHoldFrontContinuesButThinTapRemainsNew (0 ms)
[ RUN      ] GameTracking.SixtyNinetyAndHundredMsUseActualSourceTime
[       OK ] GameTracking.SixtyNinetyAndHundredMsUseActualSourceTime (0 ms)
[ RUN      ] GameTracking.RetiredHoldBirthPersistsThrough441msAndRevisionIsMonotonic
[       OK ] GameTracking.RetiredHoldBirthPersistsThrough441msAndRevisionIsMonotonic (0 ms)
[ RUN      ] GameTracking.SourceInvalidAndReplayedTimeCannotArm
[       OK ] GameTracking.SourceInvalidAndReplayedTimeCannotArm (0 ms)
[ RUN      ] GameTracking.MissingOrPerpendicularLineCannotProvideActionEvidence
[       OK ] GameTracking.MissingOrPerpendicularLineCannotProvideActionEvidence (0 ms)
[ RUN      ] GameTracking.AssignmentIndicesAndCandidateGeometryAreRejected
[       OK ] GameTracking.AssignmentIndicesAndCandidateGeometryAreRejected (0 ms)
[ RUN      ] GameTracking.TrackAndRetirementCapacityHaveConservativeFailure
[       OK ] GameTracking.TrackAndRetirementCapacityHaveConservativeFailure (1 ms)
[ RUN      ] GameTracking.FakeOwnerMissingAndStopReleaseWithoutPredictedContinuation
[       OK ] GameTracking.FakeOwnerMissingAndStopReleaseWithoutPredictedContinuation (0 ms)
[ RUN      ] GameTracking.ShadowAndBankAreBoundedAndHaveNoBackend
[       OK ] GameTracking.ShadowAndBankAreBoundedAndHaveNoBackend (2 ms)
[----------] 39 tests from GameTracking (55 ms total)

[----------] Global test environment tear-down
[==========] 186 tests from 8 test suites ran. (4123 ms total)
[  PASSED  ] 186 tests.
TRACE native END exit=0
